hebrew_fake_image_15
hebrew_fake_image_39
hebrew_fake_image_134
hebrew_fake_image_203
hebrew_fake_image_116
hebrew_fake_image_54
hebrew_fake_image_307
hebrew_fake_image_44
hebrew_fake_image_215
hebrew_fake_image_155
hebrew_fake_image_314
hebrew_fake_image_493
hebrew_fake_image_403
hebrew_fake_image_219
hebrew_fake_image_417
hebrew_fake_image_96
hebrew_fake_image_394
hebrew_fake_image_452
hebrew_fake_image_236
hebrew_fake_image_405
hebrew_fake_image_291
hebrew_fake_image_384
hebrew_fake_image_304
hebrew_fake_image_77
hebrew_fake_image_185
hebrew_fake_image_30
hebrew_fake_image_181
hebrew_fake_image_193
hebrew_fake_image_334
hebrew_fake_image_71
hebrew_fake_image_161
hebrew_fake_image_338
hebrew_fake_image_374
hebrew_fake_image_221
hebrew_fake_image_275
hebrew_fake_image_295
hebrew_fake_image_367
hebrew_fake_image_298
hebrew_fake_image_224
hebrew_fake_image_409
hebrew_fake_image_205
hebrew_fake_image_318
hebrew_fake_image_49
hebrew_fake_image_180
hebrew_fake_image_258
hebrew_fake_image_498
hebrew_fake_image_239
hebrew_fake_image_290
hebrew_fake_image_53
hebrew_fake_image_24
hebrew_fake_image_499
hebrew_fake_image_363
hebrew_fake_image_21
hebrew_fake_image_379
hebrew_fake_image_40
hebrew_fake_image_312
hebrew_fake_image_269
hebrew_fake_image_160
hebrew_fake_image_125
hebrew_fake_image_455
hebrew_fake_image_167
hebrew_fake_image_370
hebrew_fake_image_60
hebrew_fake_image_209
hebrew_fake_image_325
hebrew_fake_image_323
hebrew_fake_image_114
hebrew_fake_image_183
hebrew_fake_image_297
hebrew_fake_image_104
hebrew_fake_image_396
hebrew_fake_image_28
hebrew_fake_image_194
hebrew_fake_image_386
hebrew_fake_image_91
hebrew_fake_image_85
hebrew_fake_image_481
hebrew_fake_image_339
hebrew_fake_image_207
hebrew_fake_image_249
hebrew_fake_image_476
hebrew_fake_image_159
hebrew_fake_image_55
hebrew_fake_image_149
hebrew_fake_image_454
hebrew_fake_image_157
hebrew_fake_image_229
hebrew_fake_image_310
hebrew_fake_image_253
hebrew_fake_image_357
hebrew_fake_image_110
hebrew_fake_image_112
hebrew_fake_image_420
hebrew_fake_image_141
hebrew_fake_image_147
hebrew_fake_image_131
hebrew_fake_image_388
hebrew_fake_image_324
hebrew_fake_image_376
hebrew_fake_image_360
hebrew_fake_image_191
hebrew_fake_image_240
hebrew_fake_image_299
hebrew_fake_image_38
hebrew_fake_image_301
hebrew_fake_image_347
hebrew_fake_image_124
hebrew_fake_image_280
hebrew_fake_image_198
hebrew_fake_image_105
hebrew_fake_image_251
hebrew_fake_image_355
hebrew_fake_image_138
hebrew_fake_image_289
hebrew_fake_image_242
hebrew_fake_image_73
hebrew_fake_image_259
hebrew_fake_image_271
hebrew_fake_image_328
hebrew_fake_image_29
hebrew_fake_image_427
hebrew_fake_image_1
hebrew_fake_image_257
hebrew_fake_image_118
hebrew_fake_image_171
hebrew_fake_image_266
hebrew_fake_image_233
hebrew_fake_image_443
hebrew_fake_image_33
hebrew_fake_image_57
hebrew_fake_image_472
hebrew_fake_image_154
hebrew_fake_image_248
hebrew_fake_image_173
hebrew_fake_image_296
hebrew_fake_image_145
hebrew_fake_image_393
hebrew_fake_image_8
hebrew_fake_image_293
hebrew_fake_image_34
hebrew_fake_image_79
hebrew_fake_image_431
hebrew_fake_image_142
hebrew_fake_image_447
hebrew_fake_image_238
hebrew_fake_image_123
hebrew_fake_image_211
hebrew_fake_image_61
hebrew_fake_image_12
hebrew_fake_image_93
hebrew_fake_image_489
hebrew_fake_image_322
hebrew_fake_image_435
hebrew_fake_image_47
hebrew_fake_image_187
hebrew_fake_image_387
hebrew_fake_image_190
hebrew_fake_image_465
hebrew_fake_image_9
hebrew_fake_image_199
hebrew_fake_image_423
hebrew_fake_image_300
hebrew_fake_image_50
hebrew_fake_image_162
hebrew_fake_image_439
hebrew_fake_image_265
hebrew_fake_image_398
hebrew_fake_image_429
hebrew_fake_image_197
hebrew_fake_image_346
hebrew_fake_image_92
hebrew_fake_image_32
hebrew_fake_image_165
hebrew_fake_image_254
hebrew_fake_image_117
hebrew_fake_image_66
hebrew_fake_image_20
hebrew_fake_image_309
hebrew_fake_image_52
hebrew_fake_image_75
hebrew_fake_image_459
hebrew_fake_image_446
hebrew_fake_image_473
hebrew_fake_image_109
hebrew_fake_image_421
hebrew_fake_image_14
hebrew_fake_image_400
hebrew_fake_image_279
hebrew_fake_image_414
hebrew_fake_image_56
hebrew_fake_image_428
hebrew_fake_image_7
hebrew_fake_image_270
hebrew_fake_image_100
hebrew_fake_image_126
hebrew_fake_image_382
hebrew_fake_image_113
hebrew_fake_image_172
hebrew_fake_image_348
hebrew_fake_image_272
hebrew_fake_image_331
hebrew_fake_image_470
hebrew_fake_image_83
hebrew_fake_image_463
hebrew_fake_image_65
hebrew_fake_image_237
hebrew_fake_image_146
hebrew_fake_image_380
hebrew_fake_image_101
hebrew_fake_image_135
hebrew_fake_image_136
hebrew_fake_image_364
hebrew_fake_image_99
hebrew_fake_image_120
hebrew_fake_image_487
hebrew_fake_image_188
hebrew_fake_image_437
hebrew_fake_image_218
hebrew_fake_image_353
hebrew_fake_image_94
hebrew_fake_image_262
hebrew_fake_image_352
hebrew_fake_image_5
hebrew_fake_image_430
hebrew_fake_image_121
hebrew_fake_image_451
hebrew_fake_image_81
hebrew_fake_image_277
hebrew_fake_image_10
hebrew_fake_image_178
hebrew_fake_image_483
hebrew_fake_image_84
hebrew_fake_image_484
hebrew_fake_image_144
hebrew_fake_image_389
hebrew_fake_image_230
hebrew_fake_image_231
hebrew_fake_image_268
hebrew_fake_image_425
hebrew_fake_image_152
hebrew_fake_image_62
hebrew_fake_image_345
hebrew_fake_image_87
hebrew_fake_image_243
hebrew_fake_image_311
hebrew_fake_image_356
hebrew_fake_image_97
hebrew_fake_image_407
hebrew_fake_image_227
hebrew_fake_image_340
hebrew_fake_image_223
hebrew_fake_image_377
hebrew_fake_image_316
hebrew_fake_image_471
hebrew_fake_image_166
hebrew_fake_image_41
hebrew_fake_image_208
hebrew_fake_image_119
hebrew_fake_image_158
hebrew_fake_image_64
hebrew_fake_image_313
hebrew_fake_image_137
hebrew_fake_image_488
hebrew_fake_image_426
hebrew_fake_image_320
hebrew_fake_image_204
hebrew_fake_image_319
hebrew_fake_image_69
hebrew_fake_image_88
hebrew_fake_image_434
hebrew_fake_image_264
hebrew_fake_image_176
hebrew_fake_image_315
hebrew_fake_image_196
hebrew_fake_image_76
hebrew_fake_image_132
hebrew_fake_image_244
hebrew_fake_image_37
hebrew_fake_image_469
hebrew_fake_image_261
hebrew_fake_image_494
hebrew_fake_image_457
hebrew_fake_image_317
hebrew_fake_image_72
hebrew_fake_image_260
hebrew_fake_image_442
hebrew_fake_image_402
hebrew_fake_image_78
hebrew_fake_image_128
hebrew_fake_image_246
hebrew_fake_image_410
hebrew_fake_image_3
hebrew_fake_image_292
hebrew_fake_image_228
hebrew_fake_image_168
hebrew_fake_image_127
hebrew_fake_image_448
hebrew_fake_image_306
hebrew_fake_image_390
hebrew_fake_image_285
hebrew_fake_image_464
hebrew_fake_image_201
hebrew_fake_image_486
hebrew_fake_image_245
hebrew_fake_image_164
hebrew_fake_image_48
hebrew_fake_image_252
hebrew_fake_image_150
hebrew_fake_image_74
hebrew_fake_image_416
hebrew_fake_image_217
hebrew_fake_image_4
hebrew_fake_image_80
hebrew_fake_image_19
hebrew_fake_image_336
hebrew_fake_image_68
hebrew_fake_image_418
hebrew_fake_image_491
hebrew_fake_image_333
hebrew_fake_image_130
hebrew_fake_image_27
hebrew_fake_image_6
hebrew_fake_image_250
hebrew_fake_image_17
hebrew_fake_image_282
hebrew_fake_image_462
hebrew_fake_image_169
hebrew_fake_image_186
hebrew_fake_image_408
hebrew_fake_image_453
hebrew_fake_image_478
hebrew_fake_image_332
hebrew_fake_image_413
hebrew_fake_image_214
hebrew_fake_image_140
hebrew_fake_image_247
hebrew_fake_image_422
hebrew_fake_image_343
hebrew_fake_image_438
hebrew_fake_image_381
hebrew_fake_image_308
hebrew_fake_image_36
hebrew_fake_image_302
hebrew_fake_image_2
hebrew_fake_image_440
hebrew_fake_image_496
hebrew_fake_image_177
hebrew_fake_image_58
hebrew_fake_image_23
hebrew_fake_image_330
hebrew_fake_image_210
hebrew_fake_image_358
hebrew_fake_image_344
hebrew_fake_image_326
hebrew_fake_image_59
hebrew_fake_image_337
hebrew_fake_image_235
hebrew_fake_image_419
hebrew_fake_image_174
hebrew_fake_image_200
hebrew_fake_image_222
hebrew_fake_image_424
hebrew_fake_image_349
hebrew_fake_image_378
hebrew_fake_image_18
hebrew_fake_image_95
hebrew_fake_image_13
hebrew_fake_image_273
hebrew_fake_image_327
hebrew_fake_image_31
hebrew_fake_image_115
hebrew_fake_image_385
hebrew_fake_image_175
hebrew_fake_image_46
hebrew_fake_image_108
hebrew_fake_image_433
hebrew_fake_image_305
hebrew_fake_image_255
hebrew_fake_image_143
hebrew_fake_image_359
hebrew_fake_image_281
hebrew_fake_image_216
hebrew_fake_image_232
hebrew_fake_image_460
hebrew_fake_image_391
hebrew_fake_image_450
hebrew_fake_image_287
hebrew_fake_image_294
hebrew_fake_image_369
hebrew_fake_image_350
hebrew_fake_image_182
hebrew_fake_image_321
hebrew_fake_image_133
hebrew_fake_image_63
hebrew_fake_image_35
hebrew_fake_image_480
hebrew_fake_image_267
hebrew_fake_image_477
hebrew_fake_image_490
hebrew_fake_image_25
