hebrew_fake_image_342
hebrew_fake_image_51
hebrew_fake_image_67
hebrew_fake_image_153
hebrew_fake_image_366
hebrew_fake_image_375
hebrew_fake_image_361
hebrew_fake_image_354
hebrew_fake_image_107
hebrew_fake_image_399
hebrew_fake_image_151
hebrew_fake_image_202
hebrew_fake_image_43
hebrew_fake_image_288
hebrew_fake_image_241
hebrew_fake_image_163
hebrew_fake_image_371
hebrew_fake_image_284
hebrew_fake_image_479
hebrew_fake_image_373
hebrew_fake_image_397
hebrew_fake_image_467
hebrew_fake_image_474
hebrew_fake_image_11
hebrew_fake_image_179
hebrew_fake_image_458
hebrew_fake_image_415
hebrew_fake_image_432
hebrew_fake_image_495
hebrew_fake_image_42
hebrew_fake_image_106
hebrew_fake_image_213
hebrew_fake_image_395
hebrew_fake_image_401
hebrew_fake_image_139
hebrew_fake_image_449
hebrew_fake_image_468
hebrew_fake_image_412
hebrew_fake_image_26
hebrew_fake_image_148
hebrew_fake_image_195
hebrew_fake_image_283
hebrew_fake_image_70
hebrew_fake_image_212
hebrew_fake_image_129
hebrew_fake_image_170
hebrew_fake_image_89
hebrew_fake_image_263
hebrew_fake_image_329
hebrew_fake_image_485
hebrew_fake_image_341
hebrew_fake_image_475
hebrew_fake_image_0
hebrew_fake_image_411
hebrew_fake_image_286
hebrew_fake_image_82
hebrew_fake_image_16
hebrew_fake_image_497
hebrew_fake_image_368
hebrew_fake_image_278
hebrew_fake_image_365
hebrew_fake_image_226
hebrew_fake_image_335
hebrew_fake_image_392
hebrew_fake_image_444
hebrew_fake_image_482
hebrew_fake_image_372
hebrew_fake_image_466
hebrew_fake_image_276
hebrew_fake_image_192
hebrew_fake_image_98
hebrew_fake_image_303
hebrew_fake_image_492
hebrew_fake_image_406
hebrew_fake_image_103
hebrew_fake_image_45
hebrew_fake_image_383
hebrew_fake_image_206
hebrew_fake_image_220
hebrew_fake_image_184
hebrew_fake_image_122
hebrew_fake_image_111
hebrew_fake_image_156
hebrew_fake_image_189
hebrew_fake_image_351
hebrew_fake_image_456
hebrew_fake_image_362
hebrew_fake_image_436
hebrew_fake_image_256
hebrew_fake_image_22
hebrew_fake_image_404
hebrew_fake_image_441
hebrew_fake_image_86
hebrew_fake_image_102
hebrew_fake_image_234
hebrew_fake_image_225
hebrew_fake_image_274
hebrew_fake_image_90
hebrew_fake_image_461
hebrew_fake_image_445
