hebrew_fake_image_1949
hebrew_fake_image_738
hebrew_fake_image_1327
hebrew_fake_image_675
hebrew_fake_image_1744
hebrew_fake_image_1330
hebrew_fake_image_1761
hebrew_fake_image_1414
hebrew_fake_image_752
hebrew_fake_image_1681
hebrew_fake_image_939
hebrew_fake_image_1862
hebrew_fake_image_1274
hebrew_fake_image_425
hebrew_fake_image_1254
hebrew_fake_image_1053
hebrew_fake_image_1369
hebrew_fake_image_911
hebrew_fake_image_1843
hebrew_fake_image_1648
hebrew_fake_image_536
hebrew_fake_image_116
hebrew_fake_image_1226
hebrew_fake_image_747
hebrew_fake_image_1358
hebrew_fake_image_1773
hebrew_fake_image_1558
hebrew_fake_image_1924
hebrew_fake_image_1029
hebrew_fake_image_1413
hebrew_fake_image_1496
hebrew_fake_image_923
hebrew_fake_image_1976
hebrew_fake_image_1373
hebrew_fake_image_966
hebrew_fake_image_450
hebrew_fake_image_1056
hebrew_fake_image_926
hebrew_fake_image_1617
hebrew_fake_image_1871
hebrew_fake_image_1392
hebrew_fake_image_1901
hebrew_fake_image_809
hebrew_fake_image_1410
hebrew_fake_image_577
hebrew_fake_image_5
hebrew_fake_image_118
hebrew_fake_image_144
hebrew_fake_image_1099
hebrew_fake_image_824
hebrew_fake_image_1910
hebrew_fake_image_1150
hebrew_fake_image_18
hebrew_fake_image_395
hebrew_fake_image_1303
hebrew_fake_image_346
hebrew_fake_image_1765
hebrew_fake_image_151
hebrew_fake_image_1382
hebrew_fake_image_1138
hebrew_fake_image_677
hebrew_fake_image_802
hebrew_fake_image_602
hebrew_fake_image_234
hebrew_fake_image_1143
hebrew_fake_image_1567
hebrew_fake_image_1453
hebrew_fake_image_1573
hebrew_fake_image_1929
hebrew_fake_image_1962
hebrew_fake_image_286
hebrew_fake_image_539
hebrew_fake_image_307
hebrew_fake_image_377
hebrew_fake_image_1096
hebrew_fake_image_361
hebrew_fake_image_658
hebrew_fake_image_202
hebrew_fake_image_295
hebrew_fake_image_1536
hebrew_fake_image_1204
hebrew_fake_image_1320
hebrew_fake_image_928
hebrew_fake_image_266
hebrew_fake_image_1462
hebrew_fake_image_1072
hebrew_fake_image_476
hebrew_fake_image_1348
hebrew_fake_image_763
hebrew_fake_image_647
hebrew_fake_image_979
hebrew_fake_image_742
hebrew_fake_image_1582
hebrew_fake_image_1981
hebrew_fake_image_1156
hebrew_fake_image_406
hebrew_fake_image_948
hebrew_fake_image_1363
hebrew_fake_image_971
hebrew_fake_image_1998
hebrew_fake_image_26
hebrew_fake_image_976
hebrew_fake_image_946
hebrew_fake_image_1131
hebrew_fake_image_300
hebrew_fake_image_1452
hebrew_fake_image_362
hebrew_fake_image_69
hebrew_fake_image_856
hebrew_fake_image_285
hebrew_fake_image_1214
hebrew_fake_image_639
hebrew_fake_image_729
hebrew_fake_image_109
hebrew_fake_image_1916
hebrew_fake_image_155
hebrew_fake_image_1752
hebrew_fake_image_1818
hebrew_fake_image_1642
hebrew_fake_image_130
hebrew_fake_image_778
hebrew_fake_image_542
hebrew_fake_image_1754
hebrew_fake_image_566
hebrew_fake_image_437
hebrew_fake_image_1012
hebrew_fake_image_1505
hebrew_fake_image_464
hebrew_fake_image_1209
hebrew_fake_image_708
hebrew_fake_image_1751
hebrew_fake_image_1282
hebrew_fake_image_1000
hebrew_fake_image_97
hebrew_fake_image_488
hebrew_fake_image_50
hebrew_fake_image_1921
hebrew_fake_image_1292
hebrew_fake_image_411
hebrew_fake_image_321
hebrew_fake_image_1507
hebrew_fake_image_287
hebrew_fake_image_799
hebrew_fake_image_1737
hebrew_fake_image_1070
hebrew_fake_image_1592
hebrew_fake_image_1336
hebrew_fake_image_1460
hebrew_fake_image_1425
hebrew_fake_image_816
hebrew_fake_image_668
hebrew_fake_image_632
hebrew_fake_image_187
hebrew_fake_image_449
hebrew_fake_image_526
hebrew_fake_image_1309
hebrew_fake_image_907
hebrew_fake_image_1954
hebrew_fake_image_427
hebrew_fake_image_1982
hebrew_fake_image_970
hebrew_fake_image_812
hebrew_fake_image_1519
hebrew_fake_image_1456
hebrew_fake_image_1233
hebrew_fake_image_1251
hebrew_fake_image_887
hebrew_fake_image_1822
hebrew_fake_image_993
hebrew_fake_image_1293
hebrew_fake_image_627
hebrew_fake_image_1006
hebrew_fake_image_1341
hebrew_fake_image_1203
hebrew_fake_image_248
hebrew_fake_image_1121
hebrew_fake_image_456
hebrew_fake_image_278
hebrew_fake_image_1842
hebrew_fake_image_1830
hebrew_fake_image_1723
hebrew_fake_image_152
hebrew_fake_image_1106
hebrew_fake_image_265
hebrew_fake_image_1891
hebrew_fake_image_1087
hebrew_fake_image_997
hebrew_fake_image_1726
hebrew_fake_image_1197
hebrew_fake_image_1267
hebrew_fake_image_131
hebrew_fake_image_943
hebrew_fake_image_888
hebrew_fake_image_1352
hebrew_fake_image_1530
hebrew_fake_image_525
hebrew_fake_image_139
hebrew_fake_image_205
hebrew_fake_image_53
hebrew_fake_image_1524
hebrew_fake_image_1875
hebrew_fake_image_541
hebrew_fake_image_1458
hebrew_fake_image_1796
hebrew_fake_image_1958
hebrew_fake_image_583
hebrew_fake_image_280
hebrew_fake_image_433
hebrew_fake_image_559
hebrew_fake_image_1125
hebrew_fake_image_1599
hebrew_fake_image_832
hebrew_fake_image_1188
hebrew_fake_image_1606
hebrew_fake_image_498
hebrew_fake_image_657
hebrew_fake_image_784
hebrew_fake_image_1544
hebrew_fake_image_1294
hebrew_fake_image_990
hebrew_fake_image_882
hebrew_fake_image_1654
hebrew_fake_image_1969
hebrew_fake_image_1855
hebrew_fake_image_1325
hebrew_fake_image_1590
hebrew_fake_image_1647
hebrew_fake_image_37
hebrew_fake_image_1092
hebrew_fake_image_631
hebrew_fake_image_764
hebrew_fake_image_1995
hebrew_fake_image_1043
hebrew_fake_image_1758
hebrew_fake_image_546
hebrew_fake_image_1431
hebrew_fake_image_313
hebrew_fake_image_1228
hebrew_fake_image_392
hebrew_fake_image_998
hebrew_fake_image_1501
hebrew_fake_image_915
hebrew_fake_image_1897
hebrew_fake_image_537
hebrew_fake_image_213
hebrew_fake_image_953
hebrew_fake_image_89
hebrew_fake_image_893
hebrew_fake_image_599
hebrew_fake_image_1884
hebrew_fake_image_1909
hebrew_fake_image_133
hebrew_fake_image_1878
hebrew_fake_image_1757
hebrew_fake_image_1187
hebrew_fake_image_1506
hebrew_fake_image_720
hebrew_fake_image_1762
hebrew_fake_image_1553
hebrew_fake_image_1211
hebrew_fake_image_821
hebrew_fake_image_1216
hebrew_fake_image_115
hebrew_fake_image_199
hebrew_fake_image_1645
hebrew_fake_image_892
hebrew_fake_image_716
hebrew_fake_image_1338
hebrew_fake_image_3
hebrew_fake_image_1017
hebrew_fake_image_502
hebrew_fake_image_1629
hebrew_fake_image_1766
hebrew_fake_image_1513
hebrew_fake_image_793
hebrew_fake_image_179
hebrew_fake_image_972
hebrew_fake_image_1491
hebrew_fake_image_253
hebrew_fake_image_1374
hebrew_fake_image_1615
hebrew_fake_image_1397
hebrew_fake_image_1980
hebrew_fake_image_1201
hebrew_fake_image_699
hebrew_fake_image_1516
hebrew_fake_image_304
hebrew_fake_image_67
hebrew_fake_image_671
hebrew_fake_image_68
hebrew_fake_image_416
hebrew_fake_image_14
hebrew_fake_image_1504
hebrew_fake_image_692
hebrew_fake_image_501
hebrew_fake_image_424
hebrew_fake_image_1013
hebrew_fake_image_643
hebrew_fake_image_562
hebrew_fake_image_1670
hebrew_fake_image_1706
hebrew_fake_image_194
hebrew_fake_image_1666
hebrew_fake_image_1353
hebrew_fake_image_1665
hebrew_fake_image_1627
hebrew_fake_image_1040
hebrew_fake_image_723
hebrew_fake_image_901
hebrew_fake_image_306
hebrew_fake_image_895
hebrew_fake_image_401
hebrew_fake_image_1149
hebrew_fake_image_1236
hebrew_fake_image_125
hebrew_fake_image_1291
hebrew_fake_image_1393
hebrew_fake_image_1689
hebrew_fake_image_293
hebrew_fake_image_1892
hebrew_fake_image_869
hebrew_fake_image_879
hebrew_fake_image_1383
hebrew_fake_image_1439
hebrew_fake_image_79
hebrew_fake_image_470
hebrew_fake_image_1669
hebrew_fake_image_714
hebrew_fake_image_496
hebrew_fake_image_530
hebrew_fake_image_1085
hebrew_fake_image_1662
hebrew_fake_image_1461
hebrew_fake_image_1385
hebrew_fake_image_275
hebrew_fake_image_1721
hebrew_fake_image_1061
hebrew_fake_image_717
hebrew_fake_image_1682
hebrew_fake_image_1713
hebrew_fake_image_921
hebrew_fake_image_913
hebrew_fake_image_1541
hebrew_fake_image_795
hebrew_fake_image_1552
hebrew_fake_image_1398
hebrew_fake_image_73
hebrew_fake_image_557
hebrew_fake_image_336
hebrew_fake_image_516
hebrew_fake_image_1113
hebrew_fake_image_1803
hebrew_fake_image_257
hebrew_fake_image_305
hebrew_fake_image_650
hebrew_fake_image_736
hebrew_fake_image_1079
hebrew_fake_image_936
hebrew_fake_image_683
hebrew_fake_image_918
hebrew_fake_image_1811
hebrew_fake_image_224
hebrew_fake_image_722
hebrew_fake_image_852
hebrew_fake_image_1651
hebrew_fake_image_1580
hebrew_fake_image_1406
hebrew_fake_image_1850
hebrew_fake_image_1024
hebrew_fake_image_1618
hebrew_fake_image_99
hebrew_fake_image_859
hebrew_fake_image_931
hebrew_fake_image_1221
hebrew_fake_image_1284
hebrew_fake_image_1049
hebrew_fake_image_823
hebrew_fake_image_1417
hebrew_fake_image_399
hebrew_fake_image_100
hebrew_fake_image_1435
hebrew_fake_image_506
hebrew_fake_image_1068
hebrew_fake_image_1769
hebrew_fake_image_1148
hebrew_fake_image_1253
hebrew_fake_image_1856
hebrew_fake_image_1051
hebrew_fake_image_949
hebrew_fake_image_243
hebrew_fake_image_1492
hebrew_fake_image_515
hebrew_fake_image_582
hebrew_fake_image_1080
hebrew_fake_image_452
hebrew_fake_image_1570
hebrew_fake_image_1008
hebrew_fake_image_1078
hebrew_fake_image_604
hebrew_fake_image_863
hebrew_fake_image_1574
hebrew_fake_image_858
hebrew_fake_image_1307
hebrew_fake_image_435
hebrew_fake_image_96
hebrew_fake_image_1060
hebrew_fake_image_1705
hebrew_fake_image_775
hebrew_fake_image_563
hebrew_fake_image_1119
hebrew_fake_image_1697
hebrew_fake_image_783
hebrew_fake_image_201
hebrew_fake_image_390
hebrew_fake_image_1753
hebrew_fake_image_1564
hebrew_fake_image_428
hebrew_fake_image_884
hebrew_fake_image_1434
hebrew_fake_image_1225
hebrew_fake_image_1740
hebrew_fake_image_673
hebrew_fake_image_331
hebrew_fake_image_117
hebrew_fake_image_1947
hebrew_fake_image_965
hebrew_fake_image_354
hebrew_fake_image_786
hebrew_fake_image_1151
hebrew_fake_image_127
hebrew_fake_image_193
hebrew_fake_image_1234
hebrew_fake_image_1941
hebrew_fake_image_987
hebrew_fake_image_620
hebrew_fake_image_1444
hebrew_fake_image_672
hebrew_fake_image_80
hebrew_fake_image_638
hebrew_fake_image_1223
hebrew_fake_image_1551
hebrew_fake_image_611
hebrew_fake_image_1172
hebrew_fake_image_1538
hebrew_fake_image_250
hebrew_fake_image_1350
hebrew_fake_image_1366
hebrew_fake_image_556
hebrew_fake_image_1450
hebrew_fake_image_612
hebrew_fake_image_1288
hebrew_fake_image_703
hebrew_fake_image_55
hebrew_fake_image_1186
hebrew_fake_image_1124
hebrew_fake_image_272
hebrew_fake_image_251
hebrew_fake_image_1601
hebrew_fake_image_1595
hebrew_fake_image_1314
hebrew_fake_image_1858
hebrew_fake_image_308
hebrew_fake_image_273
hebrew_fake_image_982
hebrew_fake_image_1638
hebrew_fake_image_93
hebrew_fake_image_1714
hebrew_fake_image_1693
hebrew_fake_image_1886
hebrew_fake_image_937
hebrew_fake_image_1321
hebrew_fake_image_684
hebrew_fake_image_950
hebrew_fake_image_1876
hebrew_fake_image_1316
hebrew_fake_image_749
hebrew_fake_image_761
hebrew_fake_image_1411
hebrew_fake_image_65
hebrew_fake_image_596
hebrew_fake_image_481
hebrew_fake_image_1279
hebrew_fake_image_1649
hebrew_fake_image_606
hebrew_fake_image_1800
hebrew_fake_image_875
hebrew_fake_image_12
hebrew_fake_image_360
hebrew_fake_image_158
hebrew_fake_image_656
hebrew_fake_image_1378
hebrew_fake_image_624
hebrew_fake_image_1857
hebrew_fake_image_1979
hebrew_fake_image_284
hebrew_fake_image_1840
hebrew_fake_image_381
hebrew_fake_image_374
hebrew_fake_image_914
hebrew_fake_image_648
hebrew_fake_image_156
hebrew_fake_image_741
hebrew_fake_image_1745
hebrew_fake_image_910
hebrew_fake_image_1763
hebrew_fake_image_1813
hebrew_fake_image_765
hebrew_fake_image_962
hebrew_fake_image_38
hebrew_fake_image_543
hebrew_fake_image_988
hebrew_fake_image_951
hebrew_fake_image_1908
hebrew_fake_image_1563
hebrew_fake_image_453
hebrew_fake_image_292
hebrew_fake_image_419
hebrew_fake_image_1050
hebrew_fake_image_1832
hebrew_fake_image_184
hebrew_fake_image_94
hebrew_fake_image_417
hebrew_fake_image_1074
hebrew_fake_image_1619
hebrew_fake_image_1016
hebrew_fake_image_1657
hebrew_fake_image_757
hebrew_fake_image_1870
hebrew_fake_image_1731
hebrew_fake_image_400
hebrew_fake_image_1243
hebrew_fake_image_72
hebrew_fake_image_1643
hebrew_fake_image_978
hebrew_fake_image_860
hebrew_fake_image_1166
hebrew_fake_image_1511
hebrew_fake_image_1829
hebrew_fake_image_1441
hebrew_fake_image_1591
hebrew_fake_image_396
hebrew_fake_image_576
hebrew_fake_image_1566
hebrew_fake_image_558
hebrew_fake_image_206
hebrew_fake_image_851
hebrew_fake_image_114
hebrew_fake_image_1007
hebrew_fake_image_1162
hebrew_fake_image_1735
hebrew_fake_image_61
hebrew_fake_image_430
hebrew_fake_image_59
hebrew_fake_image_1184
hebrew_fake_image_1819
hebrew_fake_image_1200
hebrew_fake_image_1037
hebrew_fake_image_1708
hebrew_fake_image_1354
hebrew_fake_image_431
hebrew_fake_image_1668
hebrew_fake_image_297
hebrew_fake_image_432
hebrew_fake_image_1569
hebrew_fake_image_1960
hebrew_fake_image_132
hebrew_fake_image_1579
hebrew_fake_image_1789
hebrew_fake_image_743
hebrew_fake_image_1764
hebrew_fake_image_1999
hebrew_fake_image_1848
hebrew_fake_image_35
hebrew_fake_image_1561
hebrew_fake_image_1400
hebrew_fake_image_820
hebrew_fake_image_1110
hebrew_fake_image_198
hebrew_fake_image_383
hebrew_fake_image_319
hebrew_fake_image_507
hebrew_fake_image_299
hebrew_fake_image_303
hebrew_fake_image_1733
hebrew_fake_image_1137
hebrew_fake_image_1168
hebrew_fake_image_1760
hebrew_fake_image_1473
hebrew_fake_image_258
hebrew_fake_image_1575
hebrew_fake_image_1831
hebrew_fake_image_1703
hebrew_fake_image_460
hebrew_fake_image_661
hebrew_fake_image_1939
hebrew_fake_image_1903
hebrew_fake_image_1785
hebrew_fake_image_835
hebrew_fake_image_719
hebrew_fake_image_669
hebrew_fake_image_1701
hebrew_fake_image_294
hebrew_fake_image_1864
hebrew_fake_image_862
hebrew_fake_image_1841
hebrew_fake_image_1718
hebrew_fake_image_1042
hebrew_fake_image_82
hebrew_fake_image_386
hebrew_fake_image_1603
hebrew_fake_image_535
hebrew_fake_image_1885
hebrew_fake_image_210
hebrew_fake_image_1532
hebrew_fake_image_760
hebrew_fake_image_1346
hebrew_fake_image_197
hebrew_fake_image_700
hebrew_fake_image_330
hebrew_fake_image_848
hebrew_fake_image_185
hebrew_fake_image_466
hebrew_fake_image_228
hebrew_fake_image_1025
hebrew_fake_image_145
hebrew_fake_image_916
hebrew_fake_image_1612
hebrew_fake_image_341
hebrew_fake_image_1475
hebrew_fake_image_622
hebrew_fake_image_568
hebrew_fake_image_1386
hebrew_fake_image_62
hebrew_fake_image_441
hebrew_fake_image_216
hebrew_fake_image_1071
hebrew_fake_image_1118
hebrew_fake_image_1749
hebrew_fake_image_1542
hebrew_fake_image_290
hebrew_fake_image_240
hebrew_fake_image_1022
hebrew_fake_image_1865
hebrew_fake_image_508
hebrew_fake_image_372
hebrew_fake_image_846
hebrew_fake_image_189
hebrew_fake_image_531
hebrew_fake_image_326
hebrew_fake_image_168
hebrew_fake_image_1557
hebrew_fake_image_702
hebrew_fake_image_829
hebrew_fake_image_1015
hebrew_fake_image_938
hebrew_fake_image_1655
hebrew_fake_image_442
hebrew_fake_image_11
hebrew_fake_image_1003
hebrew_fake_image_646
hebrew_fake_image_659
hebrew_fake_image_231
hebrew_fake_image_1021
hebrew_fake_image_1364
hebrew_fake_image_818
hebrew_fake_image_694
hebrew_fake_image_1259
hebrew_fake_image_1258
hebrew_fake_image_1667
hebrew_fake_image_1480
hebrew_fake_image_1261
hebrew_fake_image_1919
hebrew_fake_image_1896
hebrew_fake_image_219
hebrew_fake_image_119
hebrew_fake_image_262
hebrew_fake_image_1036
hebrew_fake_image_384
hebrew_fake_image_828
hebrew_fake_image_167
hebrew_fake_image_1827
hebrew_fake_image_1732
hebrew_fake_image_150
hebrew_fake_image_414
hebrew_fake_image_154
hebrew_fake_image_323
hebrew_fake_image_630
hebrew_fake_image_1943
hebrew_fake_image_264
hebrew_fake_image_1093
hebrew_fake_image_1994
hebrew_fake_image_1329
hebrew_fake_image_13
hebrew_fake_image_166
hebrew_fake_image_222
hebrew_fake_image_1198
hebrew_fake_image_27
hebrew_fake_image_663
hebrew_fake_image_1262
hebrew_fake_image_674
hebrew_fake_image_263
hebrew_fake_image_533
hebrew_fake_image_229
hebrew_fake_image_1001
hebrew_fake_image_572
hebrew_fake_image_1445
hebrew_fake_image_1977
hebrew_fake_image_975
hebrew_fake_image_1248
hebrew_fake_image_1534
hebrew_fake_image_890
hebrew_fake_image_1421
hebrew_fake_image_1487
hebrew_fake_image_468
hebrew_fake_image_256
hebrew_fake_image_645
hebrew_fake_image_1360
hebrew_fake_image_421
hebrew_fake_image_1242
hebrew_fake_image_1395
hebrew_fake_image_810
hebrew_fake_image_1347
hebrew_fake_image_1774
hebrew_fake_image_1375
hebrew_fake_image_281
hebrew_fake_image_1859
hebrew_fake_image_1918
hebrew_fake_image_448
hebrew_fake_image_1844
hebrew_fake_image_935
hebrew_fake_image_1428
hebrew_fake_image_1526
hebrew_fake_image_209
hebrew_fake_image_603
hebrew_fake_image_76
hebrew_fake_image_527
hebrew_fake_image_1498
hebrew_fake_image_803
hebrew_fake_image_473
hebrew_fake_image_153
hebrew_fake_image_1283
hebrew_fake_image_924
hebrew_fake_image_1866
hebrew_fake_image_1725
hebrew_fake_image_1362
hebrew_fake_image_707
hebrew_fake_image_1983
hebrew_fake_image_1129
hebrew_fake_image_964
hebrew_fake_image_162
hebrew_fake_image_370
hebrew_fake_image_1623
hebrew_fake_image_730
hebrew_fake_image_225
hebrew_fake_image_282
hebrew_fake_image_693
hebrew_fake_image_1455
hebrew_fake_image_1002
hebrew_fake_image_1109
hebrew_fake_image_1355
hebrew_fake_image_1692
hebrew_fake_image_1064
hebrew_fake_image_1436
hebrew_fake_image_681
hebrew_fake_image_1786
hebrew_fake_image_1154
hebrew_fake_image_1734
hebrew_fake_image_561
hebrew_fake_image_1175
hebrew_fake_image_1257
hebrew_fake_image_929
hebrew_fake_image_1550
hebrew_fake_image_534
hebrew_fake_image_1224
hebrew_fake_image_1394
hebrew_fake_image_545
hebrew_fake_image_1696
hebrew_fake_image_766
hebrew_fake_image_148
hebrew_fake_image_1448
hebrew_fake_image_1297
hebrew_fake_image_1107
hebrew_fake_image_1176
hebrew_fake_image_149
hebrew_fake_image_1527
hebrew_fake_image_359
hebrew_fake_image_1806
hebrew_fake_image_175
hebrew_fake_image_1122
hebrew_fake_image_217
hebrew_fake_image_865
hebrew_fake_image_1384
hebrew_fake_image_1145
hebrew_fake_image_1030
hebrew_fake_image_1317
hebrew_fake_image_1244
hebrew_fake_image_1833
hebrew_fake_image_1268
hebrew_fake_image_135
hebrew_fake_image_1091
hebrew_fake_image_1212
hebrew_fake_image_1888
hebrew_fake_image_86
hebrew_fake_image_984
hebrew_fake_image_689
hebrew_fake_image_1877
hebrew_fake_image_1849
hebrew_fake_image_1988
hebrew_fake_image_254
hebrew_fake_image_1907
hebrew_fake_image_991
hebrew_fake_image_1249
hebrew_fake_image_1332
hebrew_fake_image_1027
hebrew_fake_image_744
hebrew_fake_image_1823
hebrew_fake_image_1707
hebrew_fake_image_629
hebrew_fake_image_191
hebrew_fake_image_1906
hebrew_fake_image_1164
hebrew_fake_image_1973
hebrew_fake_image_325
hebrew_fake_image_771
hebrew_fake_image_1139
hebrew_fake_image_609
hebrew_fake_image_1160
hebrew_fake_image_1451
hebrew_fake_image_483
hebrew_fake_image_704
hebrew_fake_image_1578
hebrew_fake_image_1497
hebrew_fake_image_1586
hebrew_fake_image_1989
hebrew_fake_image_463
hebrew_fake_image_1420
hebrew_fake_image_394
hebrew_fake_image_551
hebrew_fake_image_140
hebrew_fake_image_1368
hebrew_fake_image_339
hebrew_fake_image_881
hebrew_fake_image_1608
hebrew_fake_image_1622
hebrew_fake_image_528
hebrew_fake_image_1959
hebrew_fake_image_1966
hebrew_fake_image_1879
hebrew_fake_image_196
hebrew_fake_image_981
hebrew_fake_image_1311
hebrew_fake_image_44
hebrew_fake_image_465
hebrew_fake_image_900
hebrew_fake_image_165
hebrew_fake_image_621
hebrew_fake_image_654
hebrew_fake_image_298
hebrew_fake_image_1169
hebrew_fake_image_358
hebrew_fake_image_56
hebrew_fake_image_1313
hebrew_fake_image_495
hebrew_fake_image_1974
hebrew_fake_image_1750
hebrew_fake_image_451
hebrew_fake_image_49
hebrew_fake_image_903
hebrew_fake_image_103
hebrew_fake_image_1839
hebrew_fake_image_1044
hebrew_fake_image_1604
hebrew_fake_image_51
hebrew_fake_image_143
hebrew_fake_image_1577
hebrew_fake_image_1182
hebrew_fake_image_899
hebrew_fake_image_422
hebrew_fake_image_1132
hebrew_fake_image_1739
hebrew_fake_image_112
hebrew_fake_image_767
hebrew_fake_image_509
hebrew_fake_image_870
hebrew_fake_image_1690
hebrew_fake_image_1549
hebrew_fake_image_538
hebrew_fake_image_1715
hebrew_fake_image_1687
hebrew_fake_image_549
hebrew_fake_image_1816
hebrew_fake_image_665
hebrew_fake_image_1548
hebrew_fake_image_1869
hebrew_fake_image_1277
hebrew_fake_image_1679
hebrew_fake_image_1597
hebrew_fake_image_1680
hebrew_fake_image_1952
hebrew_fake_image_438
hebrew_fake_image_1117
hebrew_fake_image_348
hebrew_fake_image_171
hebrew_fake_image_1405
hebrew_fake_image_393
hebrew_fake_image_1956
hebrew_fake_image_242
hebrew_fake_image_1770
hebrew_fake_image_1853
hebrew_fake_image_1925
hebrew_fake_image_827
hebrew_fake_image_1086
hebrew_fake_image_789
hebrew_fake_image_1880
hebrew_fake_image_1676
hebrew_fake_image_1333
hebrew_fake_image_593
hebrew_fake_image_1239
hebrew_fake_image_571
hebrew_fake_image_1636
hebrew_fake_image_1018
hebrew_fake_image_492
hebrew_fake_image_71
hebrew_fake_image_1371
hebrew_fake_image_1821
hebrew_fake_image_479
hebrew_fake_image_1950
hebrew_fake_image_1014
hebrew_fake_image_836
hebrew_fake_image_1898
hebrew_fake_image_1380
hebrew_fake_image_1503
hebrew_fake_image_623
hebrew_fake_image_1971
hebrew_fake_image_634
hebrew_fake_image_1266
hebrew_fake_image_1281
hebrew_fake_image_796
hebrew_fake_image_1759
hebrew_fake_image_499
hebrew_fake_image_380
hebrew_fake_image_1134
hebrew_fake_image_529
hebrew_fake_image_1514
hebrew_fake_image_159
hebrew_fake_image_1280
hebrew_fake_image_504
hebrew_fake_image_439
hebrew_fake_image_221
hebrew_fake_image_1130
hebrew_fake_image_1260
hebrew_fake_image_1115
hebrew_fake_image_587
hebrew_fake_image_270
hebrew_fake_image_1466
hebrew_fake_image_1802
hebrew_fake_image_1227
hebrew_fake_image_781
hebrew_fake_image_271
hebrew_fake_image_1808
hebrew_fake_image_532
hebrew_fake_image_379
hebrew_fake_image_1039
hebrew_fake_image_831
hebrew_fake_image_1213
hebrew_fake_image_728
hebrew_fake_image_554
hebrew_fake_image_1518
hebrew_fake_image_550
hebrew_fake_image_1742
hebrew_fake_image_1509
hebrew_fake_image_1019
hebrew_fake_image_1659
hebrew_fake_image_39
hebrew_fake_image_126
hebrew_fake_image_782
hebrew_fake_image_1661
hebrew_fake_image_1600
hebrew_fake_image_16
hebrew_fake_image_718
hebrew_fake_image_520
hebrew_fake_image_1105
hebrew_fake_image_1128
hebrew_fake_image_478
hebrew_fake_image_1489
hebrew_fake_image_768
hebrew_fake_image_1658
hebrew_fake_image_1199
hebrew_fake_image_1095
hebrew_fake_image_1409
hebrew_fake_image_1463
hebrew_fake_image_825
hebrew_fake_image_837
hebrew_fake_image_1508
hebrew_fake_image_691
hebrew_fake_image_1640
hebrew_fake_image_1468
hebrew_fake_image_1322
hebrew_fake_image_1437
hebrew_fake_image_800
hebrew_fake_image_1334
hebrew_fake_image_861
hebrew_fake_image_633
hebrew_fake_image_17
hebrew_fake_image_320
hebrew_fake_image_30
hebrew_fake_image_1937
hebrew_fake_image_712
hebrew_fake_image_1229
hebrew_fake_image_1598
hebrew_fake_image_1218
hebrew_fake_image_523
hebrew_fake_image_32
hebrew_fake_image_1069
hebrew_fake_image_369
hebrew_fake_image_830
hebrew_fake_image_1077
hebrew_fake_image_1985
hebrew_fake_image_762
hebrew_fake_image_1556
hebrew_fake_image_276
hebrew_fake_image_573
hebrew_fake_image_721
hebrew_fake_image_1241
hebrew_fake_image_505
hebrew_fake_image_1593
hebrew_fake_image_1191
hebrew_fake_image_1057
hebrew_fake_image_1626
hebrew_fake_image_1587
hebrew_fake_image_423
hebrew_fake_image_24
hebrew_fake_image_588
hebrew_fake_image_989
hebrew_fake_image_1302
hebrew_fake_image_1315
hebrew_fake_image_510
hebrew_fake_image_1807
hebrew_fake_image_10
hebrew_fake_image_443
hebrew_fake_image_1403
hebrew_fake_image_335
hebrew_fake_image_1235
hebrew_fake_image_641
hebrew_fake_image_404
hebrew_fake_image_7
hebrew_fake_image_522
hebrew_fake_image_560
hebrew_fake_image_1155
hebrew_fake_image_146
hebrew_fake_image_889
hebrew_fake_image_614
hebrew_fake_image_819
hebrew_fake_image_31
hebrew_fake_image_1289
hebrew_fake_image_942
hebrew_fake_image_245
hebrew_fake_image_60
hebrew_fake_image_1847
hebrew_fake_image_84
hebrew_fake_image_1481
hebrew_fake_image_426
hebrew_fake_image_1917
hebrew_fake_image_1299
hebrew_fake_image_1089
hebrew_fake_image_919
hebrew_fake_image_347
hebrew_fake_image_1192
hebrew_fake_image_999
hebrew_fake_image_157
hebrew_fake_image_578
hebrew_fake_image_267
hebrew_fake_image_845
hebrew_fake_image_1914
hebrew_fake_image_1722
hebrew_fake_image_260
hebrew_fake_image_960
hebrew_fake_image_1694
hebrew_fake_image_493
hebrew_fake_image_129
hebrew_fake_image_1142
hebrew_fake_image_1738
hebrew_fake_image_220
hebrew_fake_image_1782
hebrew_fake_image_120
hebrew_fake_image_754
hebrew_fake_image_1609
hebrew_fake_image_1790
hebrew_fake_image_389
hebrew_fake_image_1275
hebrew_fake_image_1136
hebrew_fake_image_1572
hebrew_fake_image_402
hebrew_fake_image_397
hebrew_fake_image_367
hebrew_fake_image_173
hebrew_fake_image_1318
hebrew_fake_image_1246
hebrew_fake_image_28
hebrew_fake_image_1342
hebrew_fake_image_1621
hebrew_fake_image_698
hebrew_fake_image_1430
hebrew_fake_image_779
hebrew_fake_image_1797
hebrew_fake_image_1046
hebrew_fake_image_1928
hebrew_fake_image_1685
hebrew_fake_image_1183
hebrew_fake_image_1367
hebrew_fake_image_748
hebrew_fake_image_1967
hebrew_fake_image_52
hebrew_fake_image_1415
hebrew_fake_image_1755
hebrew_fake_image_1775
hebrew_fake_image_1946
hebrew_fake_image_792
hebrew_fake_image_1605
hebrew_fake_image_666
hebrew_fake_image_574
hebrew_fake_image_1893
hebrew_fake_image_1471
hebrew_fake_image_238
hebrew_fake_image_174
hebrew_fake_image_371
hebrew_fake_image_945
hebrew_fake_image_403
hebrew_fake_image_1408
hebrew_fake_image_1720
hebrew_fake_image_1992
hebrew_fake_image_1777
hebrew_fake_image_88
hebrew_fake_image_1123
hebrew_fake_image_1894
hebrew_fake_image_1202
hebrew_fake_image_1301
hebrew_fake_image_1854
hebrew_fake_image_1305
hebrew_fake_image_580
hebrew_fake_image_124
hebrew_fake_image_1389
hebrew_fake_image_457
hebrew_fake_image_1196
hebrew_fake_image_726
hebrew_fake_image_1911
hebrew_fake_image_1482
hebrew_fake_image_1028
hebrew_fake_image_833
hebrew_fake_image_731
hebrew_fake_image_1256
hebrew_fake_image_553
hebrew_fake_image_1173
hebrew_fake_image_1023
hebrew_fake_image_289
hebrew_fake_image_1957
hebrew_fake_image_1120
hebrew_fake_image_1528
hebrew_fake_image_1698
hebrew_fake_image_1381
hebrew_fake_image_1161
hebrew_fake_image_1961
hebrew_fake_image_896
hebrew_fake_image_1290
hebrew_fake_image_121
hebrew_fake_image_751
hebrew_fake_image_1646
hebrew_fake_image_1945
hebrew_fake_image_249
hebrew_fake_image_48
hebrew_fake_image_585
hebrew_fake_image_1996
hebrew_fake_image_1673
hebrew_fake_image_161
hebrew_fake_image_776
hebrew_fake_image_777
hebrew_fake_image_405
hebrew_fake_image_364
hebrew_fake_image_1868
hebrew_fake_image_1887
hebrew_fake_image_1059
hebrew_fake_image_1270
hebrew_fake_image_1710
hebrew_fake_image_1287
hebrew_fake_image_274
hebrew_fake_image_644
hebrew_fake_image_1780
hebrew_fake_image_791
hebrew_fake_image_208
hebrew_fake_image_480
hebrew_fake_image_490
hebrew_fake_image_1153
hebrew_fake_image_1863
hebrew_fake_image_1032
hebrew_fake_image_514
hebrew_fake_image_182
hebrew_fake_image_1126
hebrew_fake_image_1483
hebrew_fake_image_141
hebrew_fake_image_1356
hebrew_fake_image_102
hebrew_fake_image_969
hebrew_fake_image_176
hebrew_fake_image_1390
hebrew_fake_image_894
hebrew_fake_image_655
hebrew_fake_image_1675
hebrew_fake_image_667
hebrew_fake_image_591
hebrew_fake_image_897
hebrew_fake_image_701
hebrew_fake_image_1252
hebrew_fake_image_804
hebrew_fake_image_1630
hebrew_fake_image_871
hebrew_fake_image_236
hebrew_fake_image_477
hebrew_fake_image_1193
hebrew_fake_image_1779
hebrew_fake_image_356
hebrew_fake_image_755
hebrew_fake_image_33
hebrew_fake_image_20
hebrew_fake_image_1490
hebrew_fake_image_376
hebrew_fake_image_1459
hebrew_fake_image_1991
hebrew_fake_image_1247
hebrew_fake_image_462
hebrew_fake_image_1944
hebrew_fake_image_1845
hebrew_fake_image_181
hebrew_fake_image_552
hebrew_fake_image_1716
hebrew_fake_image_1401
hebrew_fake_image_1502
hebrew_fake_image_750
hebrew_fake_image_513
hebrew_fake_image_458
hebrew_fake_image_517
hebrew_fake_image_653
hebrew_fake_image_1624
hebrew_fake_image_1817
hebrew_fake_image_1664
hebrew_fake_image_925
hebrew_fake_image_259
hebrew_fake_image_1912
hebrew_fake_image_1286
hebrew_fake_image_1377
hebrew_fake_image_215
hebrew_fake_image_1824
hebrew_fake_image_570
hebrew_fake_image_446
hebrew_fake_image_857
hebrew_fake_image_1423
hebrew_fake_image_1895
hebrew_fake_image_1418
hebrew_fake_image_1189
hebrew_fake_image_503
hebrew_fake_image_1217
hebrew_fake_image_594
hebrew_fake_image_387
hebrew_fake_image_410
hebrew_fake_image_1792
hebrew_fake_image_1005
hebrew_fake_image_710
hebrew_fake_image_318
hebrew_fake_image_1632
hebrew_fake_image_412
hebrew_fake_image_1746
hebrew_fake_image_1768
hebrew_fake_image_1602
hebrew_fake_image_1306
hebrew_fake_image_66
hebrew_fake_image_746
hebrew_fake_image_917
hebrew_fake_image_1889
hebrew_fake_image_40
hebrew_fake_image_1788
hebrew_fake_image_180
hebrew_fake_image_296
hebrew_fake_image_649
hebrew_fake_image_163
hebrew_fake_image_1494
hebrew_fake_image_1529
hebrew_fake_image_1144
hebrew_fake_image_963
hebrew_fake_image_177
hebrew_fake_image_218
hebrew_fake_image_985
hebrew_fake_image_1783
hebrew_fake_image_195
hebrew_fake_image_104
hebrew_fake_image_873
hebrew_fake_image_1442
hebrew_fake_image_1810
hebrew_fake_image_834
hebrew_fake_image_1522
hebrew_fake_image_1653
hebrew_fake_image_1932
hebrew_fake_image_680
hebrew_fake_image_608
hebrew_fake_image_697
hebrew_fake_image_172
hebrew_fake_image_36
hebrew_fake_image_770
hebrew_fake_image_1361
hebrew_fake_image_1588
hebrew_fake_image_1055
hebrew_fake_image_237
hebrew_fake_image_497
hebrew_fake_image_1873
hebrew_fake_image_640
hebrew_fake_image_813
hebrew_fake_image_806
hebrew_fake_image_1787
hebrew_fake_image_46
hebrew_fake_image_461
hebrew_fake_image_842
hebrew_fake_image_252
hebrew_fake_image_192
hebrew_fake_image_1133
hebrew_fake_image_877
hebrew_fake_image_268
hebrew_fake_image_327
hebrew_fake_image_183
hebrew_fake_image_1179
hebrew_fake_image_1902
hebrew_fake_image_1429
hebrew_fake_image_1728
hebrew_fake_image_686
hebrew_fake_image_1081
hebrew_fake_image_840
hebrew_fake_image_794
hebrew_fake_image_316
hebrew_fake_image_108
hebrew_fake_image_1265
hebrew_fake_image_1678
hebrew_fake_image_160
hebrew_fake_image_1635
hebrew_fake_image_1479
hebrew_fake_image_798
hebrew_fake_image_954
hebrew_fake_image_1103
hebrew_fake_image_725
hebrew_fake_image_1900
hebrew_fake_image_705
hebrew_fake_image_398
hebrew_fake_image_1083
hebrew_fake_image_1700
hebrew_fake_image_1955
hebrew_fake_image_408
hebrew_fake_image_113
hebrew_fake_image_977
hebrew_fake_image_841
hebrew_fake_image_1208
hebrew_fake_image_1997
hebrew_fake_image_1157
hebrew_fake_image_302
hebrew_fake_image_590
hebrew_fake_image_382
hebrew_fake_image_1285
hebrew_fake_image_934
hebrew_fake_image_1920
hebrew_fake_image_1041
hebrew_fake_image_1474
hebrew_fake_image_1860
hebrew_fake_image_1178
hebrew_fake_image_373
hebrew_fake_image_2
hebrew_fake_image_429
hebrew_fake_image_1596
hebrew_fake_image_1537
hebrew_fake_image_1683
hebrew_fake_image_1794
hebrew_fake_image_615
hebrew_fake_image_1026
hebrew_fake_image_853
hebrew_fake_image_512
hebrew_fake_image_1345
hebrew_fake_image_1232
hebrew_fake_image_642
hebrew_fake_image_927
hebrew_fake_image_246
hebrew_fake_image_826
hebrew_fake_image_235
hebrew_fake_image_311
hebrew_fake_image_475
hebrew_fake_image_843
hebrew_fake_image_1323
hebrew_fake_image_164
hebrew_fake_image_485
hebrew_fake_image_365
hebrew_fake_image_1828
hebrew_fake_image_469
hebrew_fake_image_110
hebrew_fake_image_883
hebrew_fake_image_1108
hebrew_fake_image_1467
hebrew_fake_image_1399
hebrew_fake_image_1372
hebrew_fake_image_1799
hebrew_fake_image_1756
hebrew_fake_image_1065
hebrew_fake_image_1616
hebrew_fake_image_1038
hebrew_fake_image_815
hebrew_fake_image_1447
hebrew_fake_image_1559
hebrew_fake_image_41
hebrew_fake_image_1340
hebrew_fake_image_1048
hebrew_fake_image_21
hebrew_fake_image_91
hebrew_fake_image_1464
hebrew_fake_image_1521
hebrew_fake_image_711
hebrew_fake_image_1011
hebrew_fake_image_713
hebrew_fake_image_1097
hebrew_fake_image_1594
hebrew_fake_image_1672
hebrew_fake_image_1581
hebrew_fake_image_732
hebrew_fake_image_340
hebrew_fake_image_1075
hebrew_fake_image_1300
hebrew_fake_image_317
hebrew_fake_image_1135
hebrew_fake_image_1238
hebrew_fake_image_983
hebrew_fake_image_1625
hebrew_fake_image_1344
hebrew_fake_image_170
hebrew_fake_image_1562
hebrew_fake_image_309
hebrew_fake_image_353
hebrew_fake_image_1852
hebrew_fake_image_1951
hebrew_fake_image_992
hebrew_fake_image_1357
hebrew_fake_image_1851
hebrew_fake_image_1424
hebrew_fake_image_891
hebrew_fake_image_190
hebrew_fake_image_261
hebrew_fake_image_92
hebrew_fake_image_1702
hebrew_fake_image_233
hebrew_fake_image_188
hebrew_fake_image_123
hebrew_fake_image_805
hebrew_fake_image_1264
hebrew_fake_image_1422
hebrew_fake_image_1215
hebrew_fake_image_874
hebrew_fake_image_1326
hebrew_fake_image_1776
hebrew_fake_image_1990
hebrew_fake_image_774
hebrew_fake_image_1190
hebrew_fake_image_941
hebrew_fake_image_494
hebrew_fake_image_940
hebrew_fake_image_592
hebrew_fake_image_1465
hebrew_fake_image_334
hebrew_fake_image_1644
hebrew_fake_image_1791
hebrew_fake_image_734
hebrew_fake_image_1365
hebrew_fake_image_101
hebrew_fake_image_1141
hebrew_fake_image_864
hebrew_fake_image_1419
hebrew_fake_image_363
hebrew_fake_image_34
hebrew_fake_image_1181
hebrew_fake_image_797
hebrew_fake_image_1815
hebrew_fake_image_434
hebrew_fake_image_1709
hebrew_fake_image_930
hebrew_fake_image_227
hebrew_fake_image_1784
hebrew_fake_image_1934
hebrew_fake_image_807
hebrew_fake_image_1396
hebrew_fake_image_1748
hebrew_fake_image_1457
hebrew_fake_image_444
hebrew_fake_image_733
hebrew_fake_image_81
hebrew_fake_image_83
hebrew_fake_image_45
hebrew_fake_image_822
hebrew_fake_image_128
hebrew_fake_image_1568
hebrew_fake_image_1210
hebrew_fake_image_1771
hebrew_fake_image_1255
hebrew_fake_image_324
hebrew_fake_image_279
hebrew_fake_image_955
hebrew_fake_image_1449
hebrew_fake_image_1484
hebrew_fake_image_565
hebrew_fake_image_351
hebrew_fake_image_25
hebrew_fake_image_1500
hebrew_fake_image_1090
hebrew_fake_image_1312
hebrew_fake_image_1047
hebrew_fake_image_472
hebrew_fake_image_1084
hebrew_fake_image_312
hebrew_fake_image_6
hebrew_fake_image_872
hebrew_fake_image_500
hebrew_fake_image_1695
hebrew_fake_image_737
hebrew_fake_image_1964
hebrew_fake_image_1948
hebrew_fake_image_1686
hebrew_fake_image_1711
hebrew_fake_image_1351
hebrew_fake_image_1953
hebrew_fake_image_1986
hebrew_fake_image_607
hebrew_fake_image_567
hebrew_fake_image_1905
hebrew_fake_image_753
hebrew_fake_image_1180
hebrew_fake_image_687
hebrew_fake_image_1743
hebrew_fake_image_454
hebrew_fake_image_368
hebrew_fake_image_1688
hebrew_fake_image_291
hebrew_fake_image_344
hebrew_fake_image_314
hebrew_fake_image_105
hebrew_fake_image_1370
hebrew_fake_image_1699
hebrew_fake_image_482
hebrew_fake_image_1331
hebrew_fake_image_1469
hebrew_fake_image_1104
hebrew_fake_image_111
hebrew_fake_image_850
hebrew_fake_image_1546
hebrew_fake_image_1535
hebrew_fake_image_906
hebrew_fake_image_301
hebrew_fake_image_908
hebrew_fake_image_283
hebrew_fake_image_288
hebrew_fake_image_1440
hebrew_fake_image_1004
hebrew_fake_image_518
hebrew_fake_image_1167
hebrew_fake_image_1432
hebrew_fake_image_1488
hebrew_fake_image_1082
hebrew_fake_image_555
hebrew_fake_image_1585
hebrew_fake_image_214
hebrew_fake_image_1798
hebrew_fake_image_1826
hebrew_fake_image_1034
hebrew_fake_image_440
hebrew_fake_image_1387
hebrew_fake_image_1245
hebrew_fake_image_1825
hebrew_fake_image_660
hebrew_fake_image_808
hebrew_fake_image_328
hebrew_fake_image_1159
hebrew_fake_image_230
hebrew_fake_image_1576
hebrew_fake_image_58
hebrew_fake_image_886
hebrew_fake_image_595
hebrew_fake_image_345
hebrew_fake_image_905
hebrew_fake_image_1273
hebrew_fake_image_1560
hebrew_fake_image_70
hebrew_fake_image_598
hebrew_fake_image_255
hebrew_fake_image_1834
hebrew_fake_image_1904
hebrew_fake_image_610
hebrew_fake_image_678
hebrew_fake_image_1517
hebrew_fake_image_1295
hebrew_fake_image_1310
hebrew_fake_image_973
hebrew_fake_image_1835
hebrew_fake_image_47
hebrew_fake_image_920
hebrew_fake_image_98
hebrew_fake_image_247
hebrew_fake_image_1820
hebrew_fake_image_952
hebrew_fake_image_211
hebrew_fake_image_944
hebrew_fake_image_64
hebrew_fake_image_43
hebrew_fake_image_1531
hebrew_fake_image_1650
hebrew_fake_image_1438
hebrew_fake_image_1614
hebrew_fake_image_1478
hebrew_fake_image_575
hebrew_fake_image_685
hebrew_fake_image_1704
hebrew_fake_image_1795
hebrew_fake_image_1942
hebrew_fake_image_142
hebrew_fake_image_1867
hebrew_fake_image_1339
hebrew_fake_image_597
hebrew_fake_image_1846
hebrew_fake_image_95
hebrew_fake_image_138
hebrew_fake_image_1510
hebrew_fake_image_676
hebrew_fake_image_1495
hebrew_fake_image_885
hebrew_fake_image_1610
hebrew_fake_image_15
hebrew_fake_image_1663
hebrew_fake_image_1993
hebrew_fake_image_957
hebrew_fake_image_1589
hebrew_fake_image_486
hebrew_fake_image_787
hebrew_fake_image_1935
hebrew_fake_image_715
hebrew_fake_image_1554
hebrew_fake_image_980
hebrew_fake_image_1637
hebrew_fake_image_1555
hebrew_fake_image_342
hebrew_fake_image_349
hebrew_fake_image_1140
hebrew_fake_image_780
hebrew_fake_image_521
hebrew_fake_image_1063
hebrew_fake_image_1045
hebrew_fake_image_1231
hebrew_fake_image_1207
hebrew_fake_image_315
hebrew_fake_image_343
hebrew_fake_image_1523
hebrew_fake_image_1230
hebrew_fake_image_1540
hebrew_fake_image_996
hebrew_fake_image_1736
hebrew_fake_image_1427
hebrew_fake_image_107
hebrew_fake_image_1058
hebrew_fake_image_78
hebrew_fake_image_1391
hebrew_fake_image_1837
hebrew_fake_image_77
hebrew_fake_image_902
hebrew_fake_image_652
hebrew_fake_image_1804
hebrew_fake_image_619
hebrew_fake_image_1965
hebrew_fake_image_1772
hebrew_fake_image_1671
hebrew_fake_image_847
hebrew_fake_image_651
hebrew_fake_image_1915
hebrew_fake_image_1416
hebrew_fake_image_1020
hebrew_fake_image_868
hebrew_fake_image_1
hebrew_fake_image_1727
hebrew_fake_image_1304
hebrew_fake_image_1076
hebrew_fake_image_134
hebrew_fake_image_1874
hebrew_fake_image_1814
hebrew_fake_image_436
hebrew_fake_image_1470
hebrew_fake_image_74
hebrew_fake_image_1205
hebrew_fake_image_90
hebrew_fake_image_688
hebrew_fake_image_1324
hebrew_fake_image_1476
hebrew_fake_image_63
hebrew_fake_image_1926
hebrew_fake_image_745
hebrew_fake_image_569
hebrew_fake_image_1793
hebrew_fake_image_670
hebrew_fake_image_385
hebrew_fake_image_391
hebrew_fake_image_788
hebrew_fake_image_1308
hebrew_fake_image_1111
hebrew_fake_image_1677
hebrew_fake_image_1936
hebrew_fake_image_584
hebrew_fake_image_1938
hebrew_fake_image_207
hebrew_fake_image_1767
hebrew_fake_image_564
hebrew_fake_image_1067
hebrew_fake_image_75
hebrew_fake_image_9
hebrew_fake_image_329
hebrew_fake_image_1691
hebrew_fake_image_1493
hebrew_fake_image_418
hebrew_fake_image_1062
hebrew_fake_image_169
hebrew_fake_image_350
hebrew_fake_image_1571
hebrew_fake_image_1812
hebrew_fake_image_1883
hebrew_fake_image_1805
hebrew_fake_image_974
hebrew_fake_image_1656
hebrew_fake_image_967
hebrew_fake_image_1276
hebrew_fake_image_1271
hebrew_fake_image_85
hebrew_fake_image_1147
hebrew_fake_image_484
hebrew_fake_image_378
hebrew_fake_image_727
hebrew_fake_image_178
hebrew_fake_image_1054
hebrew_fake_image_613
hebrew_fake_image_420
hebrew_fake_image_589
hebrew_fake_image_1035
hebrew_fake_image_679
hebrew_fake_image_1539
hebrew_fake_image_87
hebrew_fake_image_1412
hebrew_fake_image_1296
hebrew_fake_image_909
hebrew_fake_image_1931
hebrew_fake_image_1922
hebrew_fake_image_409
hebrew_fake_image_1719
hebrew_fake_image_1116
hebrew_fake_image_445
hebrew_fake_image_1088
hebrew_fake_image_1010
hebrew_fake_image_1269
hebrew_fake_image_1584
hebrew_fake_image_601
hebrew_fake_image_212
hebrew_fake_image_922
hebrew_fake_image_1073
hebrew_fake_image_1376
hebrew_fake_image_1009
hebrew_fake_image_1031
hebrew_fake_image_600
hebrew_fake_image_333
hebrew_fake_image_23
hebrew_fake_image_958
hebrew_fake_image_106
hebrew_fake_image_1838
hebrew_fake_image_29
hebrew_fake_image_1454
hebrew_fake_image_524
hebrew_fake_image_388
hebrew_fake_image_1472
hebrew_fake_image_1499
hebrew_fake_image_1278
hebrew_fake_image_1146
hebrew_fake_image_1565
hebrew_fake_image_511
hebrew_fake_image_912
hebrew_fake_image_1972
hebrew_fake_image_1102
hebrew_fake_image_1263
hebrew_fake_image_878
hebrew_fake_image_357
hebrew_fake_image_137
hebrew_fake_image_352
hebrew_fake_image_706
hebrew_fake_image_811
hebrew_fake_image_1194
hebrew_fake_image_867
hebrew_fake_image_1250
hebrew_fake_image_616
hebrew_fake_image_491
hebrew_fake_image_785
hebrew_fake_image_1641
hebrew_fake_image_581