hebrew_fake_image_2031
hebrew_fake_image_29242
hebrew_fake_image_16245
hebrew_fake_image_27019
hebrew_fake_image_18640
hebrew_fake_image_23966
hebrew_fake_image_11689
hebrew_fake_image_21765
hebrew_fake_image_11968
hebrew_fake_image_4567
hebrew_fake_image_5666
hebrew_fake_image_11577
hebrew_fake_image_19750
hebrew_fake_image_11865
hebrew_fake_image_23814
hebrew_fake_image_3969
hebrew_fake_image_15684
hebrew_fake_image_4062
hebrew_fake_image_28177
hebrew_fake_image_18546
hebrew_fake_image_28548
hebrew_fake_image_25200
hebrew_fake_image_21422
hebrew_fake_image_26088
hebrew_fake_image_19653
hebrew_fake_image_6782
hebrew_fake_image_25124
hebrew_fake_image_16321
hebrew_fake_image_10914
hebrew_fake_image_10972
hebrew_fake_image_21375
hebrew_fake_image_21219
hebrew_fake_image_6631
hebrew_fake_image_4065
hebrew_fake_image_17138
hebrew_fake_image_8978
hebrew_fake_image_17469
hebrew_fake_image_21584
hebrew_fake_image_19170
hebrew_fake_image_27358
hebrew_fake_image_10045
hebrew_fake_image_24257
hebrew_fake_image_27491
hebrew_fake_image_13430
hebrew_fake_image_8439
hebrew_fake_image_3498
hebrew_fake_image_7601
hebrew_fake_image_1832
hebrew_fake_image_18702
hebrew_fake_image_7048
hebrew_fake_image_11681
hebrew_fake_image_29016
hebrew_fake_image_12897
hebrew_fake_image_9660
hebrew_fake_image_334
hebrew_fake_image_23739
hebrew_fake_image_19738
hebrew_fake_image_754
hebrew_fake_image_20874
hebrew_fake_image_4071
hebrew_fake_image_7538
hebrew_fake_image_10964
hebrew_fake_image_16908
hebrew_fake_image_17681
hebrew_fake_image_23584
hebrew_fake_image_5320
hebrew_fake_image_3596
hebrew_fake_image_24640
hebrew_fake_image_26420
hebrew_fake_image_5005
hebrew_fake_image_27790
hebrew_fake_image_9800
hebrew_fake_image_10527
hebrew_fake_image_9715
hebrew_fake_image_4035
hebrew_fake_image_29092
hebrew_fake_image_3035
hebrew_fake_image_22229
hebrew_fake_image_12590
hebrew_fake_image_16527
hebrew_fake_image_12957
hebrew_fake_image_21925
hebrew_fake_image_16192
hebrew_fake_image_6502
hebrew_fake_image_3856
hebrew_fake_image_12809
hebrew_fake_image_8274
hebrew_fake_image_12877
hebrew_fake_image_22663
hebrew_fake_image_24214
hebrew_fake_image_26104
hebrew_fake_image_19571
hebrew_fake_image_28748
hebrew_fake_image_16040
hebrew_fake_image_22485
hebrew_fake_image_14426
hebrew_fake_image_29772
hebrew_fake_image_2583
hebrew_fake_image_26519
hebrew_fake_image_16831
hebrew_fake_image_6209
hebrew_fake_image_5600
hebrew_fake_image_28472
hebrew_fake_image_15115
hebrew_fake_image_18155
hebrew_fake_image_24734
hebrew_fake_image_2711
hebrew_fake_image_13968
hebrew_fake_image_20665
hebrew_fake_image_19003
hebrew_fake_image_20541
hebrew_fake_image_17465
hebrew_fake_image_8251
hebrew_fake_image_21904
hebrew_fake_image_16293
hebrew_fake_image_22961
hebrew_fake_image_20410
hebrew_fake_image_27325
hebrew_fake_image_6615
hebrew_fake_image_29320
hebrew_fake_image_15167
hebrew_fake_image_23592
hebrew_fake_image_28927
hebrew_fake_image_21970
hebrew_fake_image_22383
hebrew_fake_image_6485
hebrew_fake_image_10842
hebrew_fake_image_14525
hebrew_fake_image_9467
hebrew_fake_image_3403
hebrew_fake_image_16932
hebrew_fake_image_23634
hebrew_fake_image_5312
hebrew_fake_image_24635
hebrew_fake_image_13607
hebrew_fake_image_16399
hebrew_fake_image_10871
hebrew_fake_image_12654
hebrew_fake_image_7375
hebrew_fake_image_21379
hebrew_fake_image_6046
hebrew_fake_image_21894
hebrew_fake_image_22382
hebrew_fake_image_26720
hebrew_fake_image_7560
hebrew_fake_image_3351
hebrew_fake_image_24405
hebrew_fake_image_10409
hebrew_fake_image_5006
hebrew_fake_image_23225
hebrew_fake_image_15029
hebrew_fake_image_8133
hebrew_fake_image_18241
hebrew_fake_image_26292
hebrew_fake_image_10264
hebrew_fake_image_17660
hebrew_fake_image_16177
hebrew_fake_image_20041
hebrew_fake_image_26028
hebrew_fake_image_18948
hebrew_fake_image_19275
hebrew_fake_image_235
hebrew_fake_image_18895
hebrew_fake_image_14697
hebrew_fake_image_6219
hebrew_fake_image_2613
hebrew_fake_image_6259
hebrew_fake_image_12007
hebrew_fake_image_27226
hebrew_fake_image_6605
hebrew_fake_image_3911
hebrew_fake_image_15129
hebrew_fake_image_16021
hebrew_fake_image_5853
hebrew_fake_image_7698
hebrew_fake_image_20939
hebrew_fake_image_13976
hebrew_fake_image_29495
hebrew_fake_image_11507
hebrew_fake_image_13478
hebrew_fake_image_28135
hebrew_fake_image_4192
hebrew_fake_image_13742
hebrew_fake_image_27395
hebrew_fake_image_19133
hebrew_fake_image_27369
hebrew_fake_image_29706
hebrew_fake_image_19022
hebrew_fake_image_14148
hebrew_fake_image_3394
hebrew_fake_image_6978
hebrew_fake_image_10401
hebrew_fake_image_9745
hebrew_fake_image_29904
hebrew_fake_image_9895
hebrew_fake_image_11729
hebrew_fake_image_24624
hebrew_fake_image_10011
hebrew_fake_image_8968
hebrew_fake_image_25526
hebrew_fake_image_2837
hebrew_fake_image_7657
hebrew_fake_image_21720
hebrew_fake_image_19357
hebrew_fake_image_7066
hebrew_fake_image_7177
hebrew_fake_image_24847
hebrew_fake_image_4054
hebrew_fake_image_18609
hebrew_fake_image_19112
hebrew_fake_image_11378
hebrew_fake_image_13379
hebrew_fake_image_3929
hebrew_fake_image_5758
hebrew_fake_image_27752
hebrew_fake_image_7753
hebrew_fake_image_18012
hebrew_fake_image_6257
hebrew_fake_image_21348
hebrew_fake_image_24086
hebrew_fake_image_6240
hebrew_fake_image_9729
hebrew_fake_image_24235
hebrew_fake_image_26585
hebrew_fake_image_16096
hebrew_fake_image_19145
hebrew_fake_image_10324
hebrew_fake_image_661
hebrew_fake_image_13403
hebrew_fake_image_22024
hebrew_fake_image_11929
hebrew_fake_image_1083
hebrew_fake_image_815
hebrew_fake_image_12029
hebrew_fake_image_1566
hebrew_fake_image_14846
hebrew_fake_image_6033
hebrew_fake_image_12521
hebrew_fake_image_15448
hebrew_fake_image_5162
hebrew_fake_image_386
hebrew_fake_image_17159
hebrew_fake_image_3999
hebrew_fake_image_24347
hebrew_fake_image_26309
hebrew_fake_image_22588
hebrew_fake_image_29380
hebrew_fake_image_29886
hebrew_fake_image_15196
hebrew_fake_image_22962
hebrew_fake_image_19646
hebrew_fake_image_21413
hebrew_fake_image_6421
hebrew_fake_image_26922
hebrew_fake_image_28950
hebrew_fake_image_27208
hebrew_fake_image_10830
hebrew_fake_image_28954
hebrew_fake_image_5147
hebrew_fake_image_16656
hebrew_fake_image_26999
hebrew_fake_image_13393
hebrew_fake_image_2292
hebrew_fake_image_19558
hebrew_fake_image_2064
hebrew_fake_image_16179
hebrew_fake_image_26382
hebrew_fake_image_16839
hebrew_fake_image_5471
hebrew_fake_image_22699
hebrew_fake_image_29151
hebrew_fake_image_1160
hebrew_fake_image_13334
hebrew_fake_image_28076
hebrew_fake_image_613
hebrew_fake_image_15990
hebrew_fake_image_25559
hebrew_fake_image_4322
hebrew_fake_image_11717
hebrew_fake_image_18437
hebrew_fake_image_12716
hebrew_fake_image_18679
hebrew_fake_image_16389
hebrew_fake_image_3709
hebrew_fake_image_4697
hebrew_fake_image_17384
hebrew_fake_image_8852
hebrew_fake_image_15235
hebrew_fake_image_26906
hebrew_fake_image_13861
hebrew_fake_image_12414
hebrew_fake_image_20016
hebrew_fake_image_11938
hebrew_fake_image_499
hebrew_fake_image_1122
hebrew_fake_image_8606
hebrew_fake_image_12813
hebrew_fake_image_25312
hebrew_fake_image_18400
hebrew_fake_image_18079
hebrew_fake_image_861
hebrew_fake_image_1129
hebrew_fake_image_244
hebrew_fake_image_8842
hebrew_fake_image_3093
hebrew_fake_image_7885
hebrew_fake_image_9374
hebrew_fake_image_28243
hebrew_fake_image_19798
hebrew_fake_image_24290
hebrew_fake_image_13032
hebrew_fake_image_23073
hebrew_fake_image_28033
hebrew_fake_image_9459
hebrew_fake_image_8012
hebrew_fake_image_20539
hebrew_fake_image_17430
hebrew_fake_image_22534
hebrew_fake_image_10267
hebrew_fake_image_1517
hebrew_fake_image_6044
hebrew_fake_image_150
hebrew_fake_image_5450
hebrew_fake_image_16110
hebrew_fake_image_15388
hebrew_fake_image_11508
hebrew_fake_image_28778
hebrew_fake_image_11778
hebrew_fake_image_7246
hebrew_fake_image_1096
hebrew_fake_image_9764
hebrew_fake_image_16186
hebrew_fake_image_2393
hebrew_fake_image_25206
hebrew_fake_image_23834
hebrew_fake_image_23107
hebrew_fake_image_2389
hebrew_fake_image_20639
hebrew_fake_image_20496
hebrew_fake_image_17561
hebrew_fake_image_19877
hebrew_fake_image_19855
hebrew_fake_image_8751
hebrew_fake_image_25122
hebrew_fake_image_12483
hebrew_fake_image_194
hebrew_fake_image_21385
hebrew_fake_image_20271
hebrew_fake_image_15507
hebrew_fake_image_23354
hebrew_fake_image_7248
hebrew_fake_image_12224
hebrew_fake_image_26855
hebrew_fake_image_15950
hebrew_fake_image_27023
hebrew_fake_image_19389
hebrew_fake_image_17387
hebrew_fake_image_16768
hebrew_fake_image_20786
hebrew_fake_image_14011
hebrew_fake_image_21254
hebrew_fake_image_9570
hebrew_fake_image_22642
hebrew_fake_image_27700
hebrew_fake_image_26225
hebrew_fake_image_15941
hebrew_fake_image_27060
hebrew_fake_image_7706
hebrew_fake_image_26342
hebrew_fake_image_6651
hebrew_fake_image_307
hebrew_fake_image_25148
hebrew_fake_image_3996
hebrew_fake_image_22944
hebrew_fake_image_21924
hebrew_fake_image_13450
hebrew_fake_image_13563
hebrew_fake_image_6900
hebrew_fake_image_24739
hebrew_fake_image_19913
hebrew_fake_image_22790
hebrew_fake_image_15851
hebrew_fake_image_24009
hebrew_fake_image_28241
hebrew_fake_image_23773
hebrew_fake_image_27336
hebrew_fake_image_11147
hebrew_fake_image_513
hebrew_fake_image_23572
hebrew_fake_image_11419
hebrew_fake_image_21713
hebrew_fake_image_17026
hebrew_fake_image_27675
hebrew_fake_image_25444
hebrew_fake_image_27727
hebrew_fake_image_22852
hebrew_fake_image_3063
hebrew_fake_image_3172
hebrew_fake_image_9061
hebrew_fake_image_2038
hebrew_fake_image_18032
hebrew_fake_image_6805
hebrew_fake_image_19473
hebrew_fake_image_10731
hebrew_fake_image_27343
hebrew_fake_image_27783
hebrew_fake_image_3903
hebrew_fake_image_8362
hebrew_fake_image_12863
hebrew_fake_image_10658
hebrew_fake_image_26370
hebrew_fake_image_18009
hebrew_fake_image_10500
hebrew_fake_image_24812
hebrew_fake_image_14300
hebrew_fake_image_29291
hebrew_fake_image_13292
hebrew_fake_image_1078
hebrew_fake_image_28321
hebrew_fake_image_25945
hebrew_fake_image_4928
hebrew_fake_image_29741
hebrew_fake_image_9101
hebrew_fake_image_26154
hebrew_fake_image_5327
hebrew_fake_image_4215
hebrew_fake_image_18242
hebrew_fake_image_17240
hebrew_fake_image_24016
hebrew_fake_image_24140
hebrew_fake_image_23508
hebrew_fake_image_13417
hebrew_fake_image_17062
hebrew_fake_image_24986
hebrew_fake_image_5971
hebrew_fake_image_22514
hebrew_fake_image_26232
hebrew_fake_image_4512
hebrew_fake_image_15345
hebrew_fake_image_137
hebrew_fake_image_15364
hebrew_fake_image_744
hebrew_fake_image_23510
hebrew_fake_image_4997
hebrew_fake_image_16324
hebrew_fake_image_29885
hebrew_fake_image_26412
hebrew_fake_image_16486
hebrew_fake_image_19561
hebrew_fake_image_8478
hebrew_fake_image_9143
hebrew_fake_image_19930
hebrew_fake_image_19876
hebrew_fake_image_3007
hebrew_fake_image_21289
hebrew_fake_image_679
hebrew_fake_image_9571
hebrew_fake_image_1161
hebrew_fake_image_11927
hebrew_fake_image_18431
hebrew_fake_image_26741
hebrew_fake_image_14105
hebrew_fake_image_23588
hebrew_fake_image_6285
hebrew_fake_image_23056
hebrew_fake_image_22125
hebrew_fake_image_16391
hebrew_fake_image_14539
hebrew_fake_image_4425
hebrew_fake_image_2894
hebrew_fake_image_17671
hebrew_fake_image_359
hebrew_fake_image_26251
hebrew_fake_image_19731
hebrew_fake_image_9785
hebrew_fake_image_612
hebrew_fake_image_19562
hebrew_fake_image_7659
hebrew_fake_image_5679
hebrew_fake_image_27413
hebrew_fake_image_21805
hebrew_fake_image_11987
hebrew_fake_image_1047
hebrew_fake_image_769
hebrew_fake_image_9300
hebrew_fake_image_10892
hebrew_fake_image_28308
hebrew_fake_image_27546
hebrew_fake_image_18164
hebrew_fake_image_9138
hebrew_fake_image_2715
hebrew_fake_image_22716
hebrew_fake_image_18637
hebrew_fake_image_5216
hebrew_fake_image_566
hebrew_fake_image_15787
hebrew_fake_image_16541
hebrew_fake_image_25575
hebrew_fake_image_24599
hebrew_fake_image_9843
hebrew_fake_image_27950
hebrew_fake_image_22400
hebrew_fake_image_15651
hebrew_fake_image_13213
hebrew_fake_image_20562
hebrew_fake_image_18764
hebrew_fake_image_28884
hebrew_fake_image_19730
hebrew_fake_image_140
hebrew_fake_image_12084
hebrew_fake_image_14924
hebrew_fake_image_11931
hebrew_fake_image_16850
hebrew_fake_image_6379
hebrew_fake_image_21539
hebrew_fake_image_25853
hebrew_fake_image_1755
hebrew_fake_image_28867
hebrew_fake_image_6580
hebrew_fake_image_28835
hebrew_fake_image_11994
hebrew_fake_image_2933
hebrew_fake_image_18580
hebrew_fake_image_10996
hebrew_fake_image_20050
hebrew_fake_image_24687
hebrew_fake_image_14441
hebrew_fake_image_28018
hebrew_fake_image_5157
hebrew_fake_image_10519
hebrew_fake_image_28573
hebrew_fake_image_26826
hebrew_fake_image_21905
hebrew_fake_image_8224
hebrew_fake_image_9262
hebrew_fake_image_1954
hebrew_fake_image_15463
hebrew_fake_image_13041
hebrew_fake_image_26379
hebrew_fake_image_9646
hebrew_fake_image_20062
hebrew_fake_image_1928
hebrew_fake_image_8093
hebrew_fake_image_22991
hebrew_fake_image_5445
hebrew_fake_image_18028
hebrew_fake_image_15082
hebrew_fake_image_20285
hebrew_fake_image_18766
hebrew_fake_image_28259
hebrew_fake_image_18757
hebrew_fake_image_19098
hebrew_fake_image_16589
hebrew_fake_image_15923
hebrew_fake_image_9349
hebrew_fake_image_9047
hebrew_fake_image_22530
hebrew_fake_image_6115
hebrew_fake_image_21203
hebrew_fake_image_2413
hebrew_fake_image_23214
hebrew_fake_image_5965
hebrew_fake_image_13799
hebrew_fake_image_14014
hebrew_fake_image_22065
hebrew_fake_image_21403
hebrew_fake_image_270
hebrew_fake_image_14762
hebrew_fake_image_27951
hebrew_fake_image_3808
hebrew_fake_image_25803
hebrew_fake_image_24331
hebrew_fake_image_14991
hebrew_fake_image_10693
hebrew_fake_image_21829
hebrew_fake_image_25483
hebrew_fake_image_13030
hebrew_fake_image_12304
hebrew_fake_image_24185
hebrew_fake_image_15746
hebrew_fake_image_22960
hebrew_fake_image_1681
hebrew_fake_image_22298
hebrew_fake_image_17328
hebrew_fake_image_24555
hebrew_fake_image_19287
hebrew_fake_image_608
hebrew_fake_image_29128
hebrew_fake_image_18268
hebrew_fake_image_2104
hebrew_fake_image_231
hebrew_fake_image_22863
hebrew_fake_image_3992
hebrew_fake_image_7214
hebrew_fake_image_2745
hebrew_fake_image_11396
hebrew_fake_image_28385
hebrew_fake_image_8943
hebrew_fake_image_14278
hebrew_fake_image_23271
hebrew_fake_image_6686
hebrew_fake_image_20875
hebrew_fake_image_5268
hebrew_fake_image_17619
hebrew_fake_image_17436
hebrew_fake_image_14447
hebrew_fake_image_9747
hebrew_fake_image_14739
hebrew_fake_image_17824
hebrew_fake_image_8327
hebrew_fake_image_13504
hebrew_fake_image_26550
hebrew_fake_image_11856
hebrew_fake_image_11438
hebrew_fake_image_21511
hebrew_fake_image_12936
hebrew_fake_image_7234
hebrew_fake_image_18899
hebrew_fake_image_11414
hebrew_fake_image_16090
hebrew_fake_image_15404
hebrew_fake_image_26605
hebrew_fake_image_19987
hebrew_fake_image_24983
hebrew_fake_image_195
hebrew_fake_image_10834
hebrew_fake_image_21456
hebrew_fake_image_7402
hebrew_fake_image_18714
hebrew_fake_image_5972
hebrew_fake_image_8441
hebrew_fake_image_6716
hebrew_fake_image_21238
hebrew_fake_image_17286
hebrew_fake_image_18789
hebrew_fake_image_17861
hebrew_fake_image_17141
hebrew_fake_image_9447
hebrew_fake_image_5188
hebrew_fake_image_14695
hebrew_fake_image_1493
hebrew_fake_image_9933
hebrew_fake_image_11324
hebrew_fake_image_24067
hebrew_fake_image_8241
hebrew_fake_image_11361
hebrew_fake_image_15258
hebrew_fake_image_597
hebrew_fake_image_836
hebrew_fake_image_7031
hebrew_fake_image_16957
hebrew_fake_image_29632
hebrew_fake_image_26002
hebrew_fake_image_20854
hebrew_fake_image_702
hebrew_fake_image_13872
hebrew_fake_image_13126
hebrew_fake_image_15793
hebrew_fake_image_23719
hebrew_fake_image_17970
hebrew_fake_image_18325
hebrew_fake_image_14216
hebrew_fake_image_17506
hebrew_fake_image_16808
hebrew_fake_image_2598
hebrew_fake_image_4011
hebrew_fake_image_8765
hebrew_fake_image_21986
hebrew_fake_image_12633
hebrew_fake_image_12113
hebrew_fake_image_10821
hebrew_fake_image_19126
hebrew_fake_image_23746
hebrew_fake_image_29224
hebrew_fake_image_28288
hebrew_fake_image_4782
hebrew_fake_image_11263
hebrew_fake_image_18196
hebrew_fake_image_7780
hebrew_fake_image_28793
hebrew_fake_image_8963
hebrew_fake_image_18760
hebrew_fake_image_22225
hebrew_fake_image_12574
hebrew_fake_image_28436
hebrew_fake_image_22920
hebrew_fake_image_28300
hebrew_fake_image_9661
hebrew_fake_image_15934
hebrew_fake_image_20022
hebrew_fake_image_20860
hebrew_fake_image_8186
hebrew_fake_image_22766
hebrew_fake_image_11359
hebrew_fake_image_29173
hebrew_fake_image_5953
hebrew_fake_image_23678
hebrew_fake_image_9908
hebrew_fake_image_19041
hebrew_fake_image_2188
hebrew_fake_image_2235
hebrew_fake_image_24008
hebrew_fake_image_16819
hebrew_fake_image_4152
hebrew_fake_image_21849
hebrew_fake_image_430
hebrew_fake_image_6877
hebrew_fake_image_19529
hebrew_fake_image_172
hebrew_fake_image_20286
hebrew_fake_image_596
hebrew_fake_image_11286
hebrew_fake_image_22093
hebrew_fake_image_20019
hebrew_fake_image_16690
hebrew_fake_image_19210
hebrew_fake_image_3293
hebrew_fake_image_26345
hebrew_fake_image_8508
hebrew_fake_image_23340
hebrew_fake_image_13617
hebrew_fake_image_14048
hebrew_fake_image_7194
hebrew_fake_image_4510
hebrew_fake_image_21524
hebrew_fake_image_5747
hebrew_fake_image_7219
hebrew_fake_image_4649
hebrew_fake_image_23974
hebrew_fake_image_19501
hebrew_fake_image_27394
hebrew_fake_image_26734
hebrew_fake_image_26998
hebrew_fake_image_20512
hebrew_fake_image_5684
hebrew_fake_image_16290
hebrew_fake_image_8142
hebrew_fake_image_21870
hebrew_fake_image_20928
hebrew_fake_image_28329
hebrew_fake_image_29022
hebrew_fake_image_15648
hebrew_fake_image_23772
hebrew_fake_image_8961
hebrew_fake_image_1409
hebrew_fake_image_6975
hebrew_fake_image_13856
hebrew_fake_image_343
hebrew_fake_image_8642
hebrew_fake_image_7502
hebrew_fake_image_26065
hebrew_fake_image_13585
hebrew_fake_image_14403
hebrew_fake_image_14735
hebrew_fake_image_4138
hebrew_fake_image_19582
hebrew_fake_image_16942
hebrew_fake_image_29861
hebrew_fake_image_2332
hebrew_fake_image_3831
hebrew_fake_image_8909
hebrew_fake_image_16125
hebrew_fake_image_8171
hebrew_fake_image_18878
hebrew_fake_image_854
hebrew_fake_image_21409
hebrew_fake_image_14954
hebrew_fake_image_1849
hebrew_fake_image_16881
hebrew_fake_image_7059
hebrew_fake_image_2866
hebrew_fake_image_28633
hebrew_fake_image_15327
hebrew_fake_image_14182
hebrew_fake_image_2984
hebrew_fake_image_3944
hebrew_fake_image_16333
hebrew_fake_image_4850
hebrew_fake_image_23345
hebrew_fake_image_12984
hebrew_fake_image_17228
hebrew_fake_image_3038
hebrew_fake_image_22856
hebrew_fake_image_9978
hebrew_fake_image_3175
hebrew_fake_image_16529
hebrew_fake_image_26773
hebrew_fake_image_27043
hebrew_fake_image_8563
hebrew_fake_image_23279
hebrew_fake_image_21261
hebrew_fake_image_21875
hebrew_fake_image_6292
hebrew_fake_image_16964
hebrew_fake_image_24445
hebrew_fake_image_2554
hebrew_fake_image_25201
hebrew_fake_image_4142
hebrew_fake_image_17456
hebrew_fake_image_20760
hebrew_fake_image_14948
hebrew_fake_image_3636
hebrew_fake_image_7964
hebrew_fake_image_13079
hebrew_fake_image_25943
hebrew_fake_image_14559
hebrew_fake_image_29776
hebrew_fake_image_19053
hebrew_fake_image_3398
hebrew_fake_image_7969
hebrew_fake_image_3955
hebrew_fake_image_21595
hebrew_fake_image_23900
hebrew_fake_image_931
hebrew_fake_image_6517
hebrew_fake_image_6469
hebrew_fake_image_20944
hebrew_fake_image_9028
hebrew_fake_image_17323
hebrew_fake_image_11898
hebrew_fake_image_22669
hebrew_fake_image_14269
hebrew_fake_image_4686
hebrew_fake_image_25759
hebrew_fake_image_2888
hebrew_fake_image_6694
hebrew_fake_image_29873
hebrew_fake_image_2827
hebrew_fake_image_6861
hebrew_fake_image_11615
hebrew_fake_image_12413
hebrew_fake_image_27309
hebrew_fake_image_10364
hebrew_fake_image_22563
hebrew_fake_image_27664
hebrew_fake_image_23983
hebrew_fake_image_20564
hebrew_fake_image_15016
hebrew_fake_image_23319
hebrew_fake_image_29378
hebrew_fake_image_17242
hebrew_fake_image_7863
hebrew_fake_image_29535
hebrew_fake_image_4973
hebrew_fake_image_20933
hebrew_fake_image_8437
hebrew_fake_image_5310
hebrew_fake_image_27086
hebrew_fake_image_10511
hebrew_fake_image_23181
hebrew_fake_image_2017
hebrew_fake_image_10161
hebrew_fake_image_11341
hebrew_fake_image_26030
hebrew_fake_image_10940
hebrew_fake_image_16118
hebrew_fake_image_29623
hebrew_fake_image_6769
hebrew_fake_image_23953
hebrew_fake_image_21769
hebrew_fake_image_27346
hebrew_fake_image_8924
hebrew_fake_image_28037
hebrew_fake_image_10032
hebrew_fake_image_11282
hebrew_fake_image_6338
hebrew_fake_image_24631
hebrew_fake_image_7674
hebrew_fake_image_10367
hebrew_fake_image_810
hebrew_fake_image_20042
hebrew_fake_image_17461
hebrew_fake_image_12112
hebrew_fake_image_94
hebrew_fake_image_1304
hebrew_fake_image_14357
hebrew_fake_image_18869
hebrew_fake_image_20433
hebrew_fake_image_4176
hebrew_fake_image_21930
hebrew_fake_image_22468
hebrew_fake_image_12562
hebrew_fake_image_22948
hebrew_fake_image_24207
hebrew_fake_image_28291
hebrew_fake_image_1738
hebrew_fake_image_1398
hebrew_fake_image_1257
hebrew_fake_image_303
hebrew_fake_image_21340
hebrew_fake_image_5550
hebrew_fake_image_1095
hebrew_fake_image_11639
hebrew_fake_image_27119
hebrew_fake_image_14779
hebrew_fake_image_24440
hebrew_fake_image_15402
hebrew_fake_image_17329
hebrew_fake_image_9206
hebrew_fake_image_14382
hebrew_fake_image_10682
hebrew_fake_image_1705
hebrew_fake_image_28896
hebrew_fake_image_24090
hebrew_fake_image_10016
hebrew_fake_image_12080
hebrew_fake_image_18044
hebrew_fake_image_1837
hebrew_fake_image_29364
hebrew_fake_image_420
hebrew_fake_image_3050
hebrew_fake_image_28185
hebrew_fake_image_11084
hebrew_fake_image_13463
hebrew_fake_image_3101
hebrew_fake_image_14058
hebrew_fake_image_24493
hebrew_fake_image_11827
hebrew_fake_image_21941
hebrew_fake_image_20058
hebrew_fake_image_26733
hebrew_fake_image_23802
hebrew_fake_image_1692
hebrew_fake_image_286
hebrew_fake_image_6104
hebrew_fake_image_3485
hebrew_fake_image_16870
hebrew_fake_image_14125
hebrew_fake_image_17675
hebrew_fake_image_1453
hebrew_fake_image_24402
hebrew_fake_image_16642
hebrew_fake_image_23643
hebrew_fake_image_15183
hebrew_fake_image_14611
hebrew_fake_image_20468
hebrew_fake_image_15919
hebrew_fake_image_28811
hebrew_fake_image_4687
hebrew_fake_image_8162
hebrew_fake_image_24746
hebrew_fake_image_16629
hebrew_fake_image_17563
hebrew_fake_image_8571
hebrew_fake_image_15104
hebrew_fake_image_3868
hebrew_fake_image_27812
hebrew_fake_image_24203
hebrew_fake_image_16861
hebrew_fake_image_27370
hebrew_fake_image_19292
hebrew_fake_image_465
hebrew_fake_image_11027
hebrew_fake_image_7788
hebrew_fake_image_1811
hebrew_fake_image_20716
hebrew_fake_image_25566
hebrew_fake_image_27116
hebrew_fake_image_26112
hebrew_fake_image_7463
hebrew_fake_image_1139
hebrew_fake_image_23404
hebrew_fake_image_3422
hebrew_fake_image_3420
hebrew_fake_image_1483
hebrew_fake_image_22923
hebrew_fake_image_21236
hebrew_fake_image_3285
hebrew_fake_image_16766
hebrew_fake_image_11974
hebrew_fake_image_24934
hebrew_fake_image_17918
hebrew_fake_image_24275
hebrew_fake_image_9712
hebrew_fake_image_10781
hebrew_fake_image_5536
hebrew_fake_image_1053
hebrew_fake_image_8530
hebrew_fake_image_22761
hebrew_fake_image_27455
hebrew_fake_image_24495
hebrew_fake_image_27166
hebrew_fake_image_25071
hebrew_fake_image_21704
hebrew_fake_image_20165
hebrew_fake_image_13553
hebrew_fake_image_23619
hebrew_fake_image_11255
hebrew_fake_image_530
hebrew_fake_image_2592
hebrew_fake_image_12994
hebrew_fake_image_77
hebrew_fake_image_4522
hebrew_fake_image_8075
hebrew_fake_image_4757
hebrew_fake_image_23196
hebrew_fake_image_29145
hebrew_fake_image_17716
hebrew_fake_image_9240
hebrew_fake_image_10141
hebrew_fake_image_1981
hebrew_fake_image_16219
hebrew_fake_image_7847
hebrew_fake_image_11956
hebrew_fake_image_13453
hebrew_fake_image_11387
hebrew_fake_image_10901
hebrew_fake_image_15525
hebrew_fake_image_16018
hebrew_fake_image_5817
hebrew_fake_image_5330
hebrew_fake_image_23004
hebrew_fake_image_16516
hebrew_fake_image_23315
hebrew_fake_image_12117
hebrew_fake_image_21310
hebrew_fake_image_23367
hebrew_fake_image_29475
hebrew_fake_image_13807
hebrew_fake_image_16316
hebrew_fake_image_20697
hebrew_fake_image_15767
hebrew_fake_image_16102
hebrew_fake_image_13646
hebrew_fake_image_9317
hebrew_fake_image_4907
hebrew_fake_image_18868
hebrew_fake_image_28538
hebrew_fake_image_19444
hebrew_fake_image_8719
hebrew_fake_image_25032
hebrew_fake_image_21969
hebrew_fake_image_7510
hebrew_fake_image_27446
hebrew_fake_image_9611
hebrew_fake_image_9451
hebrew_fake_image_19633
hebrew_fake_image_4559
hebrew_fake_image_22822
hebrew_fake_image_8758
hebrew_fake_image_17510
hebrew_fake_image_46
hebrew_fake_image_16264
hebrew_fake_image_8410
hebrew_fake_image_1635
hebrew_fake_image_27362
hebrew_fake_image_1205
hebrew_fake_image_26282
hebrew_fake_image_25626
hebrew_fake_image_12634
hebrew_fake_image_15757
hebrew_fake_image_20431
hebrew_fake_image_23682
hebrew_fake_image_8562
hebrew_fake_image_5825
hebrew_fake_image_2207
hebrew_fake_image_3822
hebrew_fake_image_27709
hebrew_fake_image_17142
hebrew_fake_image_20473
hebrew_fake_image_16108
hebrew_fake_image_13138
hebrew_fake_image_3798
hebrew_fake_image_8329
hebrew_fake_image_1826
hebrew_fake_image_5120
hebrew_fake_image_1175
hebrew_fake_image_6474
hebrew_fake_image_24031
hebrew_fake_image_15547
hebrew_fake_image_15955
hebrew_fake_image_15475
hebrew_fake_image_27545
hebrew_fake_image_22455
hebrew_fake_image_2325
hebrew_fake_image_20423
hebrew_fake_image_10455
hebrew_fake_image_5241
hebrew_fake_image_21552
hebrew_fake_image_22523
hebrew_fake_image_9333
hebrew_fake_image_26486
hebrew_fake_image_2142
hebrew_fake_image_14203
hebrew_fake_image_25031
hebrew_fake_image_26526
hebrew_fake_image_20629
hebrew_fake_image_15771
hebrew_fake_image_5194
hebrew_fake_image_25574
hebrew_fake_image_23443
hebrew_fake_image_763
hebrew_fake_image_17875
hebrew_fake_image_11355
hebrew_fake_image_10841
hebrew_fake_image_3071
hebrew_fake_image_2992
hebrew_fake_image_23637
hebrew_fake_image_24174
hebrew_fake_image_15137
hebrew_fake_image_14759
hebrew_fake_image_4677
hebrew_fake_image_29755
hebrew_fake_image_12694
hebrew_fake_image_15566
hebrew_fake_image_830
hebrew_fake_image_27163
hebrew_fake_image_703
hebrew_fake_image_5496
hebrew_fake_image_20121
hebrew_fake_image_4339
hebrew_fake_image_4880
hebrew_fake_image_461
hebrew_fake_image_22601
hebrew_fake_image_17247
hebrew_fake_image_23023
hebrew_fake_image_22426
hebrew_fake_image_9558
hebrew_fake_image_17553
hebrew_fake_image_26893
hebrew_fake_image_15322
hebrew_fake_image_4250
hebrew_fake_image_5130
hebrew_fake_image_18253
hebrew_fake_image_25300
hebrew_fake_image_25552
hebrew_fake_image_23733
hebrew_fake_image_29342
hebrew_fake_image_28326
hebrew_fake_image_28945
hebrew_fake_image_29852
hebrew_fake_image_9996
hebrew_fake_image_22006
hebrew_fake_image_23171
hebrew_fake_image_11070
hebrew_fake_image_25013
hebrew_fake_image_3778
hebrew_fake_image_8663
hebrew_fake_image_22296
hebrew_fake_image_14670
hebrew_fake_image_332
hebrew_fake_image_10870
hebrew_fake_image_27207
hebrew_fake_image_2543
hebrew_fake_image_25123
hebrew_fake_image_18451
hebrew_fake_image_1591
hebrew_fake_image_5235
hebrew_fake_image_6926
hebrew_fake_image_25794
hebrew_fake_image_24407
hebrew_fake_image_1799
hebrew_fake_image_20668
hebrew_fake_image_18124
hebrew_fake_image_3278
hebrew_fake_image_11024
hebrew_fake_image_2819
hebrew_fake_image_28822
hebrew_fake_image_21884
hebrew_fake_image_20811
hebrew_fake_image_18602
hebrew_fake_image_8054
hebrew_fake_image_1348
hebrew_fake_image_18210
hebrew_fake_image_14451
hebrew_fake_image_5491
hebrew_fake_image_13898
hebrew_fake_image_14709
hebrew_fake_image_12301
hebrew_fake_image_21143
hebrew_fake_image_17684
hebrew_fake_image_25717
hebrew_fake_image_11572
hebrew_fake_image_27376
hebrew_fake_image_218
hebrew_fake_image_25938
hebrew_fake_image_6582
hebrew_fake_image_14978
hebrew_fake_image_1404
hebrew_fake_image_29158
hebrew_fake_image_7562
hebrew_fake_image_21585
hebrew_fake_image_8894
hebrew_fake_image_10130
hebrew_fake_image_29643
hebrew_fake_image_13525
hebrew_fake_image_19260
hebrew_fake_image_10271
hebrew_fake_image_20383
hebrew_fake_image_1215
hebrew_fake_image_354
hebrew_fake_image_12393
hebrew_fake_image_21506
hebrew_fake_image_25716
hebrew_fake_image_26254
hebrew_fake_image_15450
hebrew_fake_image_28658
hebrew_fake_image_21921
hebrew_fake_image_6815
hebrew_fake_image_17934
hebrew_fake_image_5629
hebrew_fake_image_23720
hebrew_fake_image_29356
hebrew_fake_image_8200
hebrew_fake_image_383
hebrew_fake_image_10843
hebrew_fake_image_27503
hebrew_fake_image_23420
hebrew_fake_image_2817
hebrew_fake_image_5088
hebrew_fake_image_25004
hebrew_fake_image_7223
hebrew_fake_image_3043
hebrew_fake_image_20134
hebrew_fake_image_21465
hebrew_fake_image_2533
hebrew_fake_image_25962
hebrew_fake_image_8128
hebrew_fake_image_20395
hebrew_fake_image_9117
hebrew_fake_image_1481
hebrew_fake_image_20029
hebrew_fake_image_11339
hebrew_fake_image_7067
hebrew_fake_image_16765
hebrew_fake_image_23914
hebrew_fake_image_16405
hebrew_fake_image_15871
hebrew_fake_image_16175
hebrew_fake_image_12436
hebrew_fake_image_10852
hebrew_fake_image_26442
hebrew_fake_image_28430
hebrew_fake_image_17275
hebrew_fake_image_18494
hebrew_fake_image_16579
hebrew_fake_image_21351
hebrew_fake_image_6432
hebrew_fake_image_4053
hebrew_fake_image_28802
hebrew_fake_image_28069
hebrew_fake_image_12353
hebrew_fake_image_22460
hebrew_fake_image_8373
hebrew_fake_image_1300
hebrew_fake_image_12379
hebrew_fake_image_22589
hebrew_fake_image_26181
hebrew_fake_image_3312
hebrew_fake_image_17852
hebrew_fake_image_16046
hebrew_fake_image_6273
hebrew_fake_image_5533
hebrew_fake_image_14581
hebrew_fake_image_26197
hebrew_fake_image_13389
hebrew_fake_image_2418
hebrew_fake_image_16354
hebrew_fake_image_19946
hebrew_fake_image_20717
hebrew_fake_image_21679
hebrew_fake_image_4389
hebrew_fake_image_1064
hebrew_fake_image_24213
hebrew_fake_image_3502
hebrew_fake_image_19485
hebrew_fake_image_22256
hebrew_fake_image_6549
hebrew_fake_image_16207
hebrew_fake_image_17225
hebrew_fake_image_25889
hebrew_fake_image_15605
hebrew_fake_image_10876
hebrew_fake_image_21173
hebrew_fake_image_22326
hebrew_fake_image_20631
hebrew_fake_image_27263
hebrew_fake_image_3757
hebrew_fake_image_5298
hebrew_fake_image_6802
hebrew_fake_image_26843
hebrew_fake_image_24870
hebrew_fake_image_18523
hebrew_fake_image_8720
hebrew_fake_image_26123
hebrew_fake_image_11454
hebrew_fake_image_21047
hebrew_fake_image_4195
hebrew_fake_image_27941
hebrew_fake_image_12847
hebrew_fake_image_24840
hebrew_fake_image_14575
hebrew_fake_image_25355
hebrew_fake_image_646
hebrew_fake_image_26543
hebrew_fake_image_8264
hebrew_fake_image_19616
hebrew_fake_image_27065
hebrew_fake_image_12315
hebrew_fake_image_11358
hebrew_fake_image_16199
hebrew_fake_image_9911
hebrew_fake_image_25223
hebrew_fake_image_4878
hebrew_fake_image_29470
hebrew_fake_image_14263
hebrew_fake_image_15596
hebrew_fake_image_3896
hebrew_fake_image_26250
hebrew_fake_image_9946
hebrew_fake_image_16241
hebrew_fake_image_13242
hebrew_fake_image_11629
hebrew_fake_image_27193
hebrew_fake_image_27708
hebrew_fake_image_10913
hebrew_fake_image_7226
hebrew_fake_image_24788
hebrew_fake_image_9920
hebrew_fake_image_24127
hebrew_fake_image_27992
hebrew_fake_image_2839
hebrew_fake_image_23124
hebrew_fake_image_14495
hebrew_fake_image_1012
hebrew_fake_image_20331
hebrew_fake_image_8083
hebrew_fake_image_28044
hebrew_fake_image_15632
hebrew_fake_image_6201
hebrew_fake_image_19680
hebrew_fake_image_3355
hebrew_fake_image_21675
hebrew_fake_image_26914
hebrew_fake_image_26572
hebrew_fake_image_19211
hebrew_fake_image_9816
hebrew_fake_image_27276
hebrew_fake_image_14339
hebrew_fake_image_27383
hebrew_fake_image_14999
hebrew_fake_image_15585
hebrew_fake_image_22044
hebrew_fake_image_25404
hebrew_fake_image_503
hebrew_fake_image_26950
hebrew_fake_image_18138
hebrew_fake_image_27868
hebrew_fake_image_20388
hebrew_fake_image_1472
hebrew_fake_image_11097
hebrew_fake_image_8347
hebrew_fake_image_18291
hebrew_fake_image_16939
hebrew_fake_image_4541
hebrew_fake_image_3866
hebrew_fake_image_26011
hebrew_fake_image_28153
hebrew_fake_image_5397
hebrew_fake_image_22804
hebrew_fake_image_1961
hebrew_fake_image_27676
hebrew_fake_image_246
hebrew_fake_image_873
hebrew_fake_image_24649
hebrew_fake_image_5538
hebrew_fake_image_17327
hebrew_fake_image_8497
hebrew_fake_image_1677
hebrew_fake_image_16728
hebrew_fake_image_27694
hebrew_fake_image_20316
hebrew_fake_image_6074
hebrew_fake_image_6732
hebrew_fake_image_8559
hebrew_fake_image_23335
hebrew_fake_image_21619
hebrew_fake_image_10230
hebrew_fake_image_13716
hebrew_fake_image_12152
hebrew_fake_image_10078
hebrew_fake_image_12734
hebrew_fake_image_21271
hebrew_fake_image_22507
hebrew_fake_image_13488
hebrew_fake_image_4029
hebrew_fake_image_29895
hebrew_fake_image_4107
hebrew_fake_image_22519
hebrew_fake_image_6274
hebrew_fake_image_29167
hebrew_fake_image_9768
hebrew_fake_image_477
hebrew_fake_image_26994
hebrew_fake_image_16577
hebrew_fake_image_14812
hebrew_fake_image_12881
hebrew_fake_image_9662
hebrew_fake_image_20397
hebrew_fake_image_28026
hebrew_fake_image_24732
hebrew_fake_image_23041
hebrew_fake_image_19591
hebrew_fake_image_3533
hebrew_fake_image_668
hebrew_fake_image_8132
hebrew_fake_image_10225
hebrew_fake_image_5621
hebrew_fake_image_7224
hebrew_fake_image_2593
hebrew_fake_image_24481
hebrew_fake_image_7160
hebrew_fake_image_1581
hebrew_fake_image_5819
hebrew_fake_image_5515
hebrew_fake_image_24737
hebrew_fake_image_8960
hebrew_fake_image_24518
hebrew_fake_image_23018
hebrew_fake_image_11311
hebrew_fake_image_16130
hebrew_fake_image_9585
hebrew_fake_image_22269
hebrew_fake_image_28812
hebrew_fake_image_14067
hebrew_fake_image_29050
hebrew_fake_image_11949
hebrew_fake_image_24783
hebrew_fake_image_29140
hebrew_fake_image_3872
hebrew_fake_image_26549
hebrew_fake_image_16742
hebrew_fake_image_7358
hebrew_fake_image_23620
hebrew_fake_image_9786
hebrew_fake_image_14580
hebrew_fake_image_19466
hebrew_fake_image_12260
hebrew_fake_image_618
hebrew_fake_image_7715
hebrew_fake_image_16418
hebrew_fake_image_28235
hebrew_fake_image_24333
hebrew_fake_image_11472
hebrew_fake_image_18574
hebrew_fake_image_972
hebrew_fake_image_19446
hebrew_fake_image_19865
hebrew_fake_image_4328
hebrew_fake_image_12554
hebrew_fake_image_2541
hebrew_fake_image_12787
hebrew_fake_image_27677
hebrew_fake_image_4695
hebrew_fake_image_25038
hebrew_fake_image_6547
hebrew_fake_image_8826
hebrew_fake_image_26413
hebrew_fake_image_18270
hebrew_fake_image_3934
hebrew_fake_image_17609
hebrew_fake_image_4621
hebrew_fake_image_27335
hebrew_fake_image_5803
hebrew_fake_image_18731
hebrew_fake_image_6308
hebrew_fake_image_15589
hebrew_fake_image_2793
hebrew_fake_image_14811
hebrew_fake_image_7869
hebrew_fake_image_18345
hebrew_fake_image_4629
hebrew_fake_image_6020
hebrew_fake_image_14548
hebrew_fake_image_13979
hebrew_fake_image_14887
hebrew_fake_image_21739
hebrew_fake_image_17939
hebrew_fake_image_1535
hebrew_fake_image_27125
hebrew_fake_image_2617
hebrew_fake_image_20743
hebrew_fake_image_13386
hebrew_fake_image_14428
hebrew_fake_image_15091
hebrew_fake_image_3089
hebrew_fake_image_10375
hebrew_fake_image_7673
hebrew_fake_image_13265
hebrew_fake_image_14907
hebrew_fake_image_182
hebrew_fake_image_5785
hebrew_fake_image_15606
hebrew_fake_image_12604
hebrew_fake_image_17222
hebrew_fake_image_4553
hebrew_fake_image_5124
hebrew_fake_image_19862
hebrew_fake_image_24992
hebrew_fake_image_17950
hebrew_fake_image_29015
hebrew_fake_image_2376
hebrew_fake_image_5832
hebrew_fake_image_10214
hebrew_fake_image_10746
hebrew_fake_image_22662
hebrew_fake_image_1614
hebrew_fake_image_28707
hebrew_fake_image_13470
hebrew_fake_image_17845
hebrew_fake_image_21818
hebrew_fake_image_12708
hebrew_fake_image_11832
hebrew_fake_image_14400
hebrew_fake_image_10526
hebrew_fake_image_14227
hebrew_fake_image_4209
hebrew_fake_image_2177
hebrew_fake_image_11784
hebrew_fake_image_636
hebrew_fake_image_27468
hebrew_fake_image_16273
hebrew_fake_image_28838
hebrew_fake_image_27905
hebrew_fake_image_24916
hebrew_fake_image_25730
hebrew_fake_image_21251
hebrew_fake_image_29585
hebrew_fake_image_29658
hebrew_fake_image_11381
hebrew_fake_image_23648
hebrew_fake_image_23660
hebrew_fake_image_11977
hebrew_fake_image_24397
hebrew_fake_image_28554
hebrew_fake_image_15775
hebrew_fake_image_344
hebrew_fake_image_6253
hebrew_fake_image_8812
hebrew_fake_image_20391
hebrew_fake_image_7305
hebrew_fake_image_12004
hebrew_fake_image_13567
hebrew_fake_image_453
hebrew_fake_image_26934
hebrew_fake_image_8694
hebrew_fake_image_2633
hebrew_fake_image_2505
hebrew_fake_image_119
hebrew_fake_image_17104
hebrew_fake_image_12573
hebrew_fake_image_25009
hebrew_fake_image_10342
hebrew_fake_image_4537
hebrew_fake_image_25885
hebrew_fake_image_1969
hebrew_fake_image_19295
hebrew_fake_image_5628
hebrew_fake_image_1299
hebrew_fake_image_305
hebrew_fake_image_2818
hebrew_fake_image_25414
hebrew_fake_image_419
hebrew_fake_image_28877
hebrew_fake_image_2041
hebrew_fake_image_24985
hebrew_fake_image_13883
hebrew_fake_image_14987
hebrew_fake_image_11007
hebrew_fake_image_9263
hebrew_fake_image_7004
hebrew_fake_image_16144
hebrew_fake_image_19236
hebrew_fake_image_7369
hebrew_fake_image_11124
hebrew_fake_image_28082
hebrew_fake_image_22150
hebrew_fake_image_23689
hebrew_fake_image_1605
hebrew_fake_image_19548
hebrew_fake_image_21547
hebrew_fake_image_19350
hebrew_fake_image_16539
hebrew_fake_image_20202
hebrew_fake_image_21463
hebrew_fake_image_10661
hebrew_fake_image_5510
hebrew_fake_image_5773
hebrew_fake_image_29713
hebrew_fake_image_28974
hebrew_fake_image_15335
hebrew_fake_image_3852
hebrew_fake_image_25604
hebrew_fake_image_23631
hebrew_fake_image_4588
hebrew_fake_image_1693
hebrew_fake_image_12987
hebrew_fake_image_4169
hebrew_fake_image_16772
hebrew_fake_image_24030
hebrew_fake_image_28183
hebrew_fake_image_19498
hebrew_fake_image_7168
hebrew_fake_image_8906
hebrew_fake_image_15963
hebrew_fake_image_13686
hebrew_fake_image_17997
hebrew_fake_image_8925
hebrew_fake_image_24894
hebrew_fake_image_28099
hebrew_fake_image_23293
hebrew_fake_image_20653
hebrew_fake_image_13173
hebrew_fake_image_17370
hebrew_fake_image_14049
hebrew_fake_image_14215
hebrew_fake_image_13434
hebrew_fake_image_26716
hebrew_fake_image_3350
hebrew_fake_image_16900
hebrew_fake_image_3467
hebrew_fake_image_20073
hebrew_fake_image_9773
hebrew_fake_image_1164
hebrew_fake_image_11861
hebrew_fake_image_18639
hebrew_fake_image_21279
hebrew_fake_image_15858
hebrew_fake_image_13243
hebrew_fake_image_13755
hebrew_fake_image_26645
hebrew_fake_image_8816
hebrew_fake_image_19785
hebrew_fake_image_7518
hebrew_fake_image_3274
hebrew_fake_image_19553
hebrew_fake_image_4421
hebrew_fake_image_20977
hebrew_fake_image_4620
hebrew_fake_image_16949
hebrew_fake_image_21233
hebrew_fake_image_24891
hebrew_fake_image_12274
hebrew_fake_image_14103
hebrew_fake_image_19839
hebrew_fake_image_21337
hebrew_fake_image_15634
hebrew_fake_image_721
hebrew_fake_image_2682
hebrew_fake_image_25779
hebrew_fake_image_24121
hebrew_fake_image_6652
hebrew_fake_image_1448
hebrew_fake_image_13491
hebrew_fake_image_14921
hebrew_fake_image_5426
hebrew_fake_image_4353
hebrew_fake_image_8246
hebrew_fake_image_15783
hebrew_fake_image_22881
hebrew_fake_image_35
hebrew_fake_image_12358
hebrew_fake_image_8531
hebrew_fake_image_7504
hebrew_fake_image_7344
hebrew_fake_image_4942
hebrew_fake_image_7240
hebrew_fake_image_174
hebrew_fake_image_19060
hebrew_fake_image_21550
hebrew_fake_image_27083
hebrew_fake_image_17308
hebrew_fake_image_9383
hebrew_fake_image_3218
hebrew_fake_image_19019
hebrew_fake_image_17125
hebrew_fake_image_28487
hebrew_fake_image_21317
hebrew_fake_image_5050
hebrew_fake_image_13826
hebrew_fake_image_19298
hebrew_fake_image_16736
hebrew_fake_image_9991
hebrew_fake_image_6286
hebrew_fake_image_21822
hebrew_fake_image_19953
hebrew_fake_image_27102
hebrew_fake_image_27618
hebrew_fake_image_6574
hebrew_fake_image_21590
hebrew_fake_image_29618
hebrew_fake_image_25934
hebrew_fake_image_674
hebrew_fake_image_5687
hebrew_fake_image_278
hebrew_fake_image_14376
hebrew_fake_image_15003
hebrew_fake_image_2994
hebrew_fake_image_24065
hebrew_fake_image_29867
hebrew_fake_image_25654
hebrew_fake_image_26422
hebrew_fake_image_22541
hebrew_fake_image_29697
hebrew_fake_image_20037
hebrew_fake_image_18556
hebrew_fake_image_18995
hebrew_fake_image_11844
hebrew_fake_image_23969
hebrew_fake_image_4540
hebrew_fake_image_189
hebrew_fake_image_14545
hebrew_fake_image_10461
hebrew_fake_image_13218
hebrew_fake_image_3585
hebrew_fake_image_4582
hebrew_fake_image_5797
hebrew_fake_image_6625
hebrew_fake_image_8361
hebrew_fake_image_54
hebrew_fake_image_12299
hebrew_fake_image_26754
hebrew_fake_image_23681
hebrew_fake_image_22348
hebrew_fake_image_2886
hebrew_fake_image_14904
hebrew_fake_image_14542
hebrew_fake_image_12326
hebrew_fake_image_922
hebrew_fake_image_19450
hebrew_fake_image_27146
hebrew_fake_image_26391
hebrew_fake_image_9134
hebrew_fake_image_21797
hebrew_fake_image_23238
hebrew_fake_image_1815
hebrew_fake_image_9081
hebrew_fake_image_23027
hebrew_fake_image_9033
hebrew_fake_image_2566
hebrew_fake_image_9756
hebrew_fake_image_19827
hebrew_fake_image_7197
hebrew_fake_image_12053
hebrew_fake_image_14946
hebrew_fake_image_25834
hebrew_fake_image_23373
hebrew_fake_image_3735
hebrew_fake_image_21038
hebrew_fake_image_27452
hebrew_fake_image_25916
hebrew_fake_image_9418
hebrew_fake_image_16169
hebrew_fake_image_2356
hebrew_fake_image_12430
hebrew_fake_image_4432
hebrew_fake_image_11399
hebrew_fake_image_24833
hebrew_fake_image_15216
hebrew_fake_image_9454
hebrew_fake_image_28049
hebrew_fake_image_8687
hebrew_fake_image_10484
hebrew_fake_image_7666
hebrew_fake_image_27897
hebrew_fake_image_21684
hebrew_fake_image_8063
hebrew_fake_image_7426
hebrew_fake_image_417
hebrew_fake_image_14844
hebrew_fake_image_25896
hebrew_fake_image_19546
hebrew_fake_image_27443
hebrew_fake_image_29118
hebrew_fake_image_25084
hebrew_fake_image_4800
hebrew_fake_image_3123
hebrew_fake_image_24124
hebrew_fake_image_25765
hebrew_fake_image_5335
hebrew_fake_image_12792
hebrew_fake_image_22388
hebrew_fake_image_27185
hebrew_fake_image_1918
hebrew_fake_image_16622
hebrew_fake_image_17514
hebrew_fake_image_12624
hebrew_fake_image_12547
hebrew_fake_image_17045
hebrew_fake_image_12762
hebrew_fake_image_16653
hebrew_fake_image_2170
hebrew_fake_image_24773
hebrew_fake_image_17829
hebrew_fake_image_29321
hebrew_fake_image_11085
hebrew_fake_image_18737
hebrew_fake_image_24576
hebrew_fake_image_25571
hebrew_fake_image_3227
hebrew_fake_image_27913
hebrew_fake_image_23995
hebrew_fake_image_19910
hebrew_fake_image_3800
hebrew_fake_image_6534
hebrew_fake_image_12635
hebrew_fake_image_25808
hebrew_fake_image_256
hebrew_fake_image_25699
hebrew_fake_image_954
hebrew_fake_image_1697
hebrew_fake_image_11400
hebrew_fake_image_2860
hebrew_fake_image_1788
hebrew_fake_image_18059
hebrew_fake_image_6920
hebrew_fake_image_21804
hebrew_fake_image_23299
hebrew_fake_image_22911
hebrew_fake_image_12192
hebrew_fake_image_3128
hebrew_fake_image_11149
hebrew_fake_image_23982
hebrew_fake_image_28038
hebrew_fake_image_19690
hebrew_fake_image_435
hebrew_fake_image_23024
hebrew_fake_image_8756
hebrew_fake_image_1069
hebrew_fake_image_2802
hebrew_fake_image_9394
hebrew_fake_image_6054
hebrew_fake_image_15628
hebrew_fake_image_11327
hebrew_fake_image_6929
hebrew_fake_image_9641
hebrew_fake_image_13049
hebrew_fake_image_12879
hebrew_fake_image_7509
hebrew_fake_image_8941
hebrew_fake_image_4461
hebrew_fake_image_9832
hebrew_fake_image_9268
hebrew_fake_image_7762
hebrew_fake_image_10808
hebrew_fake_image_25059
hebrew_fake_image_13814
hebrew_fake_image_8538
hebrew_fake_image_17208
hebrew_fake_image_3515
hebrew_fake_image_14682
hebrew_fake_image_3115
hebrew_fake_image_13147
hebrew_fake_image_20912
hebrew_fake_image_13718
hebrew_fake_image_15192
hebrew_fake_image_13092
hebrew_fake_image_15500
hebrew_fake_image_7950
hebrew_fake_image_14053
hebrew_fake_image_11189
hebrew_fake_image_16931
hebrew_fake_image_18896
hebrew_fake_image_28919
hebrew_fake_image_9592
hebrew_fake_image_23103
hebrew_fake_image_11895
hebrew_fake_image_12468
hebrew_fake_image_7554
hebrew_fake_image_10920
hebrew_fake_image_10218
hebrew_fake_image_4119
hebrew_fake_image_3317
hebrew_fake_image_8384
hebrew_fake_image_18842
hebrew_fake_image_15424
hebrew_fake_image_4283
hebrew_fake_image_818
hebrew_fake_image_18056
hebrew_fake_image_2782
hebrew_fake_image_10248
hebrew_fake_image_16031
hebrew_fake_image_10212
hebrew_fake_image_1187
hebrew_fake_image_21587
hebrew_fake_image_29403
hebrew_fake_image_11107
hebrew_fake_image_10628
hebrew_fake_image_3430
hebrew_fake_image_18973
hebrew_fake_image_7850
hebrew_fake_image_25657
hebrew_fake_image_3876
hebrew_fake_image_6967
hebrew_fake_image_13251
hebrew_fake_image_12074
hebrew_fake_image_26242
hebrew_fake_image_21888
hebrew_fake_image_21425
hebrew_fake_image_25343
hebrew_fake_image_27575
hebrew_fake_image_2688
hebrew_fake_image_3135
hebrew_fake_image_8409
hebrew_fake_image_12715
hebrew_fake_image_3520
hebrew_fake_image_255
hebrew_fake_image_26132
hebrew_fake_image_1764
hebrew_fake_image_21536
hebrew_fake_image_17594
hebrew_fake_image_11843
hebrew_fake_image_24984
hebrew_fake_image_12851
hebrew_fake_image_15928
hebrew_fake_image_10947
hebrew_fake_image_24175
hebrew_fake_image_19911
hebrew_fake_image_24041
hebrew_fake_image_3272
hebrew_fake_image_25570
hebrew_fake_image_6422
hebrew_fake_image_2422
hebrew_fake_image_17536
hebrew_fake_image_21007
hebrew_fake_image_12582
hebrew_fake_image_21621
hebrew_fake_image_17573
hebrew_fake_image_6648
hebrew_fake_image_17533
hebrew_fake_image_10478
hebrew_fake_image_12101
hebrew_fake_image_1548
hebrew_fake_image_28440
hebrew_fake_image_11460
hebrew_fake_image_24926
hebrew_fake_image_13016
hebrew_fake_image_23500
hebrew_fake_image_5429
hebrew_fake_image_26411
hebrew_fake_image_27223
hebrew_fake_image_12188
hebrew_fake_image_25815
hebrew_fake_image_26993
hebrew_fake_image_9234
hebrew_fake_image_26597
hebrew_fake_image_25917
hebrew_fake_image_29097
hebrew_fake_image_7645
hebrew_fake_image_26100
hebrew_fake_image_28760
hebrew_fake_image_22876
hebrew_fake_image_4
hebrew_fake_image_21198
hebrew_fake_image_12678
hebrew_fake_image_8582
hebrew_fake_image_20545
hebrew_fake_image_4216
hebrew_fake_image_20486
hebrew_fake_image_6084
hebrew_fake_image_5511
hebrew_fake_image_21553
hebrew_fake_image_22472
hebrew_fake_image_12226
hebrew_fake_image_1089
hebrew_fake_image_22352
hebrew_fake_image_12129
hebrew_fake_image_28371
hebrew_fake_image_18203
hebrew_fake_image_22115
hebrew_fake_image_16297
hebrew_fake_image_11570
hebrew_fake_image_5249
hebrew_fake_image_3228
hebrew_fake_image_29180
hebrew_fake_image_20945
hebrew_fake_image_610
hebrew_fake_image_5932
hebrew_fake_image_2458
hebrew_fake_image_966
hebrew_fake_image_1655
hebrew_fake_image_28197
hebrew_fake_image_14986
hebrew_fake_image_1353
hebrew_fake_image_6496
hebrew_fake_image_1123
hebrew_fake_image_11372
hebrew_fake_image_27273
hebrew_fake_image_8603
hebrew_fake_image_10004
hebrew_fake_image_13023
hebrew_fake_image_27124
hebrew_fake_image_23131
hebrew_fake_image_9406
hebrew_fake_image_19736
hebrew_fake_image_21691
hebrew_fake_image_14396
hebrew_fake_image_423
hebrew_fake_image_12297
hebrew_fake_image_15523
hebrew_fake_image_29976
hebrew_fake_image_28121
hebrew_fake_image_25582
hebrew_fake_image_10710
hebrew_fake_image_17435
hebrew_fake_image_10900
hebrew_fake_image_5783
hebrew_fake_image_24478
hebrew_fake_image_16595
hebrew_fake_image_1576
hebrew_fake_image_15222
hebrew_fake_image_15590
hebrew_fake_image_13723
hebrew_fake_image_7769
hebrew_fake_image_18753
hebrew_fake_image_83
hebrew_fake_image_14469
hebrew_fake_image_12419
hebrew_fake_image_27459
hebrew_fake_image_16076
hebrew_fake_image_20023
hebrew_fake_image_2065
hebrew_fake_image_29751
hebrew_fake_image_19416
hebrew_fake_image_24233
hebrew_fake_image_5506
hebrew_fake_image_12017
hebrew_fake_image_25662
hebrew_fake_image_20100
hebrew_fake_image_17032
hebrew_fake_image_2173
hebrew_fake_image_24928
hebrew_fake_image_23163
hebrew_fake_image_19816
hebrew_fake_image_1526
hebrew_fake_image_28043
hebrew_fake_image_23909
hebrew_fake_image_10966
hebrew_fake_image_21305
hebrew_fake_image_14513
hebrew_fake_image_9635
hebrew_fake_image_15840
hebrew_fake_image_390
hebrew_fake_image_1643
hebrew_fake_image_20780
hebrew_fake_image_12153
hebrew_fake_image_12360
hebrew_fake_image_4042
hebrew_fake_image_9321
hebrew_fake_image_24921
hebrew_fake_image_17025
hebrew_fake_image_16167
hebrew_fake_image_16976
hebrew_fake_image_1173
hebrew_fake_image_8871
hebrew_fake_image_9567
hebrew_fake_image_1141
hebrew_fake_image_1668
hebrew_fake_image_8985
hebrew_fake_image_21224
hebrew_fake_image_26256
hebrew_fake_image_12465
hebrew_fake_image_15436
hebrew_fake_image_18087
hebrew_fake_image_13278
hebrew_fake_image_12047
hebrew_fake_image_29656
hebrew_fake_image_29914
hebrew_fake_image_7994
hebrew_fake_image_28544
hebrew_fake_image_19092
hebrew_fake_image_18320
hebrew_fake_image_18905
hebrew_fake_image_16767
hebrew_fake_image_24206
hebrew_fake_image_8992
hebrew_fake_image_23721
hebrew_fake_image_220
hebrew_fake_image_662
hebrew_fake_image_1197
hebrew_fake_image_25451
hebrew_fake_image_15738
hebrew_fake_image_6692
hebrew_fake_image_622
hebrew_fake_image_15469
hebrew_fake_image_5790
hebrew_fake_image_21641
hebrew_fake_image_25157
hebrew_fake_image_17364
hebrew_fake_image_9121
hebrew_fake_image_10091
hebrew_fake_image_23488
hebrew_fake_image_550
hebrew_fake_image_2249
hebrew_fake_image_26650
hebrew_fake_image_20449
hebrew_fake_image_9874
hebrew_fake_image_17052
hebrew_fake_image_19076
hebrew_fake_image_8131
hebrew_fake_image_22765
hebrew_fake_image_833
hebrew_fake_image_5601
hebrew_fake_image_17273
hebrew_fake_image_90
hebrew_fake_image_29634
hebrew_fake_image_1672
hebrew_fake_image_8672
hebrew_fake_image_3956
hebrew_fake_image_16045
hebrew_fake_image_4331
hebrew_fake_image_1940
hebrew_fake_image_23127
hebrew_fake_image_29188
hebrew_fake_image_6038
hebrew_fake_image_15449
hebrew_fake_image_15203
hebrew_fake_image_21161
hebrew_fake_image_16910
hebrew_fake_image_16484
hebrew_fake_image_13012
hebrew_fake_image_17551
hebrew_fake_image_23137
hebrew_fake_image_27684
hebrew_fake_image_7103
hebrew_fake_image_9464
hebrew_fake_image_13465
hebrew_fake_image_3905
hebrew_fake_image_1316
hebrew_fake_image_21049
hebrew_fake_image_5935
hebrew_fake_image_1119
hebrew_fake_image_12237
hebrew_fake_image_3109
hebrew_fake_image_25639
hebrew_fake_image_4469
hebrew_fake_image_11536
hebrew_fake_image_10674
hebrew_fake_image_24026
hebrew_fake_image_27318
hebrew_fake_image_18324
hebrew_fake_image_14430
hebrew_fake_image_14286
hebrew_fake_image_23759
hebrew_fake_image_6565
hebrew_fake_image_25074
hebrew_fake_image_1907
hebrew_fake_image_17926
hebrew_fake_image_12316
hebrew_fake_image_17418
hebrew_fake_image_23090
hebrew_fake_image_14157
hebrew_fake_image_8015
hebrew_fake_image_6940
hebrew_fake_image_11793
hebrew_fake_image_25405
hebrew_fake_image_22917
hebrew_fake_image_24911
hebrew_fake_image_8292
hebrew_fake_image_15625
hebrew_fake_image_25590
hebrew_fake_image_6463
hebrew_fake_image_16218
hebrew_fake_image_5974
hebrew_fake_image_7116
hebrew_fake_image_6513
hebrew_fake_image_26614
hebrew_fake_image_201
hebrew_fake_image_26915
hebrew_fake_image_3584
hebrew_fake_image_27157
hebrew_fake_image_11907
hebrew_fake_image_28027
hebrew_fake_image_19748
hebrew_fake_image_26534
hebrew_fake_image_22226
hebrew_fake_image_13280
hebrew_fake_image_19627
hebrew_fake_image_28666
hebrew_fake_image_5029
hebrew_fake_image_16592
hebrew_fake_image_19835
hebrew_fake_image_19741
hebrew_fake_image_16598
hebrew_fake_image_20997
hebrew_fake_image_28895
hebrew_fake_image_14247
hebrew_fake_image_14481
hebrew_fake_image_5865
hebrew_fake_image_17760
hebrew_fake_image_16237
hebrew_fake_image_5645
hebrew_fake_image_13342
hebrew_fake_image_29878
hebrew_fake_image_23896
hebrew_fake_image_8176
hebrew_fake_image_22146
hebrew_fake_image_2602
hebrew_fake_image_2221
hebrew_fake_image_29285
hebrew_fake_image_26581
hebrew_fake_image_22366
hebrew_fake_image_4770
hebrew_fake_image_17477
hebrew_fake_image_21900
hebrew_fake_image_16344
hebrew_fake_image_23329
hebrew_fake_image_1884
hebrew_fake_image_2948
hebrew_fake_image_22741
hebrew_fake_image_14340
hebrew_fake_image_2459
hebrew_fake_image_22983
hebrew_fake_image_17866
hebrew_fake_image_19792
hebrew_fake_image_12878
hebrew_fake_image_11501
hebrew_fake_image_12220
hebrew_fake_image_27090
hebrew_fake_image_24793
hebrew_fake_image_3302
hebrew_fake_image_3953
hebrew_fake_image_8536
hebrew_fake_image_21104
hebrew_fake_image_21560
hebrew_fake_image_9085
hebrew_fake_image_16378
hebrew_fake_image_14239
hebrew_fake_image_6884
hebrew_fake_image_23084
hebrew_fake_image_10989
hebrew_fake_image_19077
hebrew_fake_image_9972
hebrew_fake_image_9544
hebrew_fake_image_18746
hebrew_fake_image_25110
hebrew_fake_image_28828
hebrew_fake_image_18507
hebrew_fake_image_14641
hebrew_fake_image_17163
hebrew_fake_image_8956
hebrew_fake_image_5716
hebrew_fake_image_29610
hebrew_fake_image_2003
hebrew_fake_image_23256
hebrew_fake_image_28333
hebrew_fake_image_4861
hebrew_fake_image_27757
hebrew_fake_image_886
hebrew_fake_image_24904
hebrew_fake_image_26793
hebrew_fake_image_17659
hebrew_fake_image_25440
hebrew_fake_image_24265
hebrew_fake_image_11694
hebrew_fake_image_10875
hebrew_fake_image_25083
hebrew_fake_image_24676
hebrew_fake_image_645
hebrew_fake_image_5553
hebrew_fake_image_23557
hebrew_fake_image_20861
hebrew_fake_image_1680
hebrew_fake_image_10370
hebrew_fake_image_21179
hebrew_fake_image_1349
hebrew_fake_image_20054
hebrew_fake_image_21151
hebrew_fake_image_11989
hebrew_fake_image_10021
hebrew_fake_image_13748
hebrew_fake_image_1968
hebrew_fake_image_24401
hebrew_fake_image_23952
hebrew_fake_image_3867
hebrew_fake_image_25772
hebrew_fake_image_11306
hebrew_fake_image_3067
hebrew_fake_image_28918
hebrew_fake_image_2209
hebrew_fake_image_15763
hebrew_fake_image_14096
hebrew_fake_image_9511
hebrew_fake_image_8647
hebrew_fake_image_22831
hebrew_fake_image_25989
hebrew_fake_image_21323
hebrew_fake_image_13656
hebrew_fake_image_18710
hebrew_fake_image_18036
hebrew_fake_image_2883
hebrew_fake_image_11777
hebrew_fake_image_11340
hebrew_fake_image_22309
hebrew_fake_image_6658
hebrew_fake_image_25919
hebrew_fake_image_13476
hebrew_fake_image_2868
hebrew_fake_image_5274
hebrew_fake_image_21414
hebrew_fake_image_5278
hebrew_fake_image_13033
hebrew_fake_image_26666
hebrew_fake_image_18531
hebrew_fake_image_15937
hebrew_fake_image_22447
hebrew_fake_image_20239
hebrew_fake_image_8564
hebrew_fake_image_23840
hebrew_fake_image_7866
hebrew_fake_image_29860
hebrew_fake_image_17885
hebrew_fake_image_21801
hebrew_fake_image_4883
hebrew_fake_image_27609
hebrew_fake_image_25560
hebrew_fake_image_28940
hebrew_fake_image_5784
hebrew_fake_image_29558
hebrew_fake_image_24380
hebrew_fake_image_24670
hebrew_fake_image_21241
hebrew_fake_image_21029
hebrew_fake_image_3098
hebrew_fake_image_5545
hebrew_fake_image_28690
hebrew_fake_image_26143
hebrew_fake_image_11899
hebrew_fake_image_22748
hebrew_fake_image_26009
hebrew_fake_image_13231
hebrew_fake_image_17810
hebrew_fake_image_29166
hebrew_fake_image_26475
hebrew_fake_image_11170
hebrew_fake_image_15250
hebrew_fake_image_21025
hebrew_fake_image_9168
hebrew_fake_image_25052
hebrew_fake_image_1052
hebrew_fake_image_20850
hebrew_fake_image_20476
hebrew_fake_image_11854
hebrew_fake_image_26462
hebrew_fake_image_16249
hebrew_fake_image_22978
hebrew_fake_image_15172
hebrew_fake_image_9082
hebrew_fake_image_25262
hebrew_fake_image_14021
hebrew_fake_image_13217
hebrew_fake_image_6264
hebrew_fake_image_5855
hebrew_fake_image_3069
hebrew_fake_image_10825
hebrew_fake_image_4325
hebrew_fake_image_21803
hebrew_fake_image_14093
hebrew_fake_image_24998
hebrew_fake_image_14691
hebrew_fake_image_1102
hebrew_fake_image_3792
hebrew_fake_image_5433
hebrew_fake_image_22012
hebrew_fake_image_19433
hebrew_fake_image_29132
hebrew_fake_image_24965
hebrew_fake_image_10664
hebrew_fake_image_25445
hebrew_fake_image_6223
hebrew_fake_image_8860
hebrew_fake_image_14370
hebrew_fake_image_25232
hebrew_fake_image_12723
hebrew_fake_image_20523
hebrew_fake_image_9214
hebrew_fake_image_23096
hebrew_fake_image_15329
hebrew_fake_image_547
hebrew_fake_image_20964
hebrew_fake_image_15766
hebrew_fake_image_5667
hebrew_fake_image_10496
hebrew_fake_image_4306
hebrew_fake_image_8622
hebrew_fake_image_1786
hebrew_fake_image_5587
hebrew_fake_image_2461
hebrew_fake_image_19705
hebrew_fake_image_29468
hebrew_fake_image_28963
hebrew_fake_image_11985
hebrew_fake_image_9065
hebrew_fake_image_3922
hebrew_fake_image_20725
hebrew_fake_image_16017
hebrew_fake_image_113
hebrew_fake_image_9466
hebrew_fake_image_5487
hebrew_fake_image_3774
hebrew_fake_image_27510
hebrew_fake_image_23288
hebrew_fake_image_11807
hebrew_fake_image_20435
hebrew_fake_image_799
hebrew_fake_image_13319
hebrew_fake_image_21492
hebrew_fake_image_21213
hebrew_fake_image_7810
hebrew_fake_image_12045
hebrew_fake_image_15126
hebrew_fake_image_17070
hebrew_fake_image_13625
hebrew_fake_image_3151
hebrew_fake_image_15175
hebrew_fake_image_20253
hebrew_fake_image_17687
hebrew_fake_image_14273
hebrew_fake_image_5683
hebrew_fake_image_148
hebrew_fake_image_8939
hebrew_fake_image_5761
hebrew_fake_image_12645
hebrew_fake_image_23798
hebrew_fake_image_13637
hebrew_fake_image_7852
hebrew_fake_image_28367
hebrew_fake_image_11800
hebrew_fake_image_11039
hebrew_fake_image_15557
hebrew_fake_image_20962
hebrew_fake_image_18660
hebrew_fake_image_9876
hebrew_fake_image_5201
hebrew_fake_image_13691
hebrew_fake_image_23658
hebrew_fake_image_26003
hebrew_fake_image_7456
hebrew_fake_image_24154
hebrew_fake_image_9405
hebrew_fake_image_14690
hebrew_fake_image_25180
hebrew_fake_image_3309
hebrew_fake_image_18222
hebrew_fake_image_7328
hebrew_fake_image_16261
hebrew_fake_image_23080
hebrew_fake_image_7478
hebrew_fake_image_20013
hebrew_fake_image_23220
hebrew_fake_image_3481
hebrew_fake_image_20307
hebrew_fake_image_22149
hebrew_fake_image_29844
hebrew_fake_image_20987
hebrew_fake_image_2216
hebrew_fake_image_20272
hebrew_fake_image_21186
hebrew_fake_image_5759
hebrew_fake_image_8319
hebrew_fake_image_17526
hebrew_fake_image_9596
hebrew_fake_image_17591
hebrew_fake_image_20212
hebrew_fake_image_16497
hebrew_fake_image_19685
hebrew_fake_image_6042
hebrew_fake_image_300
hebrew_fake_image_10738
hebrew_fake_image_16822
hebrew_fake_image_15526
hebrew_fake_image_15786
hebrew_fake_image_14387
hebrew_fake_image_5042
hebrew_fake_image_6132
hebrew_fake_image_27373
hebrew_fake_image_761
hebrew_fake_image_25589
hebrew_fake_image_13796
hebrew_fake_image_4368
hebrew_fake_image_26147
hebrew_fake_image_752
hebrew_fake_image_3197
hebrew_fake_image_22299
hebrew_fake_image_24935
hebrew_fake_image_13800
hebrew_fake_image_2462
hebrew_fake_image_27767
hebrew_fake_image_1569
hebrew_fake_image_22857
hebrew_fake_image_28728
hebrew_fake_image_25540
hebrew_fake_image_11151
hebrew_fake_image_20369
hebrew_fake_image_2305
hebrew_fake_image_1862
hebrew_fake_image_22182
hebrew_fake_image_28948
hebrew_fake_image_8731
hebrew_fake_image_15199
hebrew_fake_image_2587
hebrew_fake_image_26465
hebrew_fake_image_17372
hebrew_fake_image_25830
hebrew_fake_image_20248
hebrew_fake_image_24516
hebrew_fake_image_11982
hebrew_fake_image_15508
hebrew_fake_image_17977
hebrew_fake_image_5012
hebrew_fake_image_2794
hebrew_fake_image_23232
hebrew_fake_image_21086
hebrew_fake_image_20795
hebrew_fake_image_18762
hebrew_fake_image_28891
hebrew_fake_image_21071
hebrew_fake_image_17239
hebrew_fake_image_19
hebrew_fake_image_27103
hebrew_fake_image_3694
hebrew_fake_image_22430
hebrew_fake_image_3637
hebrew_fake_image_21635
hebrew_fake_image_22576
hebrew_fake_image_1886
hebrew_fake_image_8043
hebrew_fake_image_3
hebrew_fake_image_21367
hebrew_fake_image_29992
hebrew_fake_image_28571
hebrew_fake_image_19519
hebrew_fake_image_17091
hebrew_fake_image_15753
hebrew_fake_image_21105
hebrew_fake_image_27128
hebrew_fake_image_3860
hebrew_fake_image_13343
hebrew_fake_image_15709
hebrew_fake_image_2506
hebrew_fake_image_22571
hebrew_fake_image_12732
hebrew_fake_image_15658
hebrew_fake_image_17433
hebrew_fake_image_13773
hebrew_fake_image_12120
hebrew_fake_image_23980
hebrew_fake_image_15312
hebrew_fake_image_22631
hebrew_fake_image_22548
hebrew_fake_image_5106
hebrew_fake_image_25877
hebrew_fake_image_8916
hebrew_fake_image_19245
hebrew_fake_image_24585
hebrew_fake_image_16356
hebrew_fake_image_11579
hebrew_fake_image_23950
hebrew_fake_image_6465
hebrew_fake_image_14615
hebrew_fake_image_7368
hebrew_fake_image_21444
hebrew_fake_image_23244
hebrew_fake_image_18417
hebrew_fake_image_15420
hebrew_fake_image_18956
hebrew_fake_image_13118
hebrew_fake_image_2997
hebrew_fake_image_13072
hebrew_fake_image_49
hebrew_fake_image_21861
hebrew_fake_image_13980
hebrew_fake_image_25129
hebrew_fake_image_21686
hebrew_fake_image_28874
hebrew_fake_image_23265
hebrew_fake_image_11135
hebrew_fake_image_17974
hebrew_fake_image_24862
hebrew_fake_image_11672
hebrew_fake_image_988
hebrew_fake_image_26461
hebrew_fake_image_16731
hebrew_fake_image_26311
hebrew_fake_image_17425
hebrew_fake_image_16829
hebrew_fake_image_21543
hebrew_fake_image_5135
hebrew_fake_image_29790
hebrew_fake_image_13408
hebrew_fake_image_26358
hebrew_fake_image_3192
hebrew_fake_image_17986
hebrew_fake_image_20667
hebrew_fake_image_16234
hebrew_fake_image_23797
hebrew_fake_image_23949
hebrew_fake_image_16269
hebrew_fake_image_13244
hebrew_fake_image_19176
hebrew_fake_image_18286
hebrew_fake_image_20762
hebrew_fake_image_15244
hebrew_fake_image_9741
hebrew_fake_image_25695
hebrew_fake_image_1144
hebrew_fake_image_24699
hebrew_fake_image_27006
hebrew_fake_image_13383
hebrew_fake_image_24482
hebrew_fake_image_20993
hebrew_fake_image_27619
hebrew_fake_image_26967
hebrew_fake_image_7892
hebrew_fake_image_19766
hebrew_fake_image_4965
hebrew_fake_image_20106
hebrew_fake_image_27412
hebrew_fake_image_10677
hebrew_fake_image_22546
hebrew_fake_image_19375
hebrew_fake_image_14530
hebrew_fake_image_14814
hebrew_fake_image_5973
hebrew_fake_image_5985
hebrew_fake_image_27879
hebrew_fake_image_28757
hebrew_fake_image_23174
hebrew_fake_image_25372
hebrew_fake_image_25454
hebrew_fake_image_1972
hebrew_fake_image_29918
hebrew_fake_image_18884
hebrew_fake_image_21459
hebrew_fake_image_15097
hebrew_fake_image_18375
hebrew_fake_image_3954
hebrew_fake_image_6775
hebrew_fake_image_14289
hebrew_fake_image_10356
hebrew_fake_image_10926
hebrew_fake_image_27174
hebrew_fake_image_4656
hebrew_fake_image_398
hebrew_fake_image_5343
hebrew_fake_image_18807
hebrew_fake_image_4644
hebrew_fake_image_7477
hebrew_fake_image_24404
hebrew_fake_image_25568
hebrew_fake_image_20450
hebrew_fake_image_6127
hebrew_fake_image_22308
hebrew_fake_image_23736
hebrew_fake_image_20996
hebrew_fake_image_15754
hebrew_fake_image_10579
hebrew_fake_image_29611
hebrew_fake_image_29496
hebrew_fake_image_22035
hebrew_fake_image_4947
hebrew_fake_image_27581
hebrew_fake_image_7610
hebrew_fake_image_3805
hebrew_fake_image_15973
hebrew_fake_image_4701
hebrew_fake_image_14264
hebrew_fake_image_22072
hebrew_fake_image_22799
hebrew_fake_image_24387
hebrew_fake_image_197
hebrew_fake_image_16444
hebrew_fake_image_27331
hebrew_fake_image_23491
hebrew_fake_image_12180
hebrew_fake_image_23665
hebrew_fake_image_19423
hebrew_fake_image_6611
hebrew_fake_image_29069
hebrew_fake_image_388
hebrew_fake_image_11684
hebrew_fake_image_11715
hebrew_fake_image_25001
hebrew_fake_image_12788
hebrew_fake_image_22833
hebrew_fake_image_16538
hebrew_fake_image_2806
hebrew_fake_image_22013
hebrew_fake_image_22087
hebrew_fake_image_14617
hebrew_fake_image_29708
hebrew_fake_image_28625
hebrew_fake_image_20235
hebrew_fake_image_29767
hebrew_fake_image_8068
hebrew_fake_image_14878
hebrew_fake_image_230
hebrew_fake_image_26835
hebrew_fake_image_15642
hebrew_fake_image_1992
hebrew_fake_image_17622
hebrew_fake_image_16909
hebrew_fake_image_13824
hebrew_fake_image_29280
hebrew_fake_image_96
hebrew_fake_image_5175
hebrew_fake_image_7271
hebrew_fake_image_11076
hebrew_fake_image_7117
hebrew_fake_image_25656
hebrew_fake_image_6199
hebrew_fake_image_6597
hebrew_fake_image_19075
hebrew_fake_image_26504
hebrew_fake_image_10440
hebrew_fake_image_22076
hebrew_fake_image_25037
hebrew_fake_image_17362
hebrew_fake_image_27665
hebrew_fake_image_27715
hebrew_fake_image_1270
hebrew_fake_image_17932
hebrew_fake_image_13889
hebrew_fake_image_4734
hebrew_fake_image_19281
hebrew_fake_image_25011
hebrew_fake_image_4466
hebrew_fake_image_21853
hebrew_fake_image_14582
hebrew_fake_image_16347
hebrew_fake_image_20614
hebrew_fake_image_20065
hebrew_fake_image_28369
hebrew_fake_image_19111
hebrew_fake_image_6904
hebrew_fake_image_3100
hebrew_fake_image_28081
hebrew_fake_image_7587
hebrew_fake_image_11734
hebrew_fake_image_26401
hebrew_fake_image_25583
hebrew_fake_image_17196
hebrew_fake_image_9351
hebrew_fake_image_19392
hebrew_fake_image_21570
hebrew_fake_image_1850
hebrew_fake_image_6642
hebrew_fake_image_13695
hebrew_fake_image_25347
hebrew_fake_image_26473
hebrew_fake_image_26084
hebrew_fake_image_22014
hebrew_fake_image_15269
hebrew_fake_image_28375
hebrew_fake_image_22105
hebrew_fake_image_23360
hebrew_fake_image_1991
hebrew_fake_image_6538
hebrew_fake_image_9940
hebrew_fake_image_11450
hebrew_fake_image_20558
hebrew_fake_image_23770
hebrew_fake_image_15206
hebrew_fake_image_27982
hebrew_fake_image_8160
hebrew_fake_image_17729
hebrew_fake_image_21368
hebrew_fake_image_7966
hebrew_fake_image_19702
hebrew_fake_image_27039
hebrew_fake_image_22946
hebrew_fake_image_11215
hebrew_fake_image_27154
hebrew_fake_image_28701
hebrew_fake_image_6128
hebrew_fake_image_2004
hebrew_fake_image_25069
hebrew_fake_image_967
hebrew_fake_image_21667
hebrew_fake_image_25068
hebrew_fake_image_489
hebrew_fake_image_5211
hebrew_fake_image_1562
hebrew_fake_image_28984
hebrew_fake_image_22823
hebrew_fake_image_8936
hebrew_fake_image_25946
hebrew_fake_image_9158
hebrew_fake_image_18937
hebrew_fake_image_21966
hebrew_fake_image_7290
hebrew_fake_image_26567
hebrew_fake_image_11526
hebrew_fake_image_14537
hebrew_fake_image_13524
hebrew_fake_image_28094
hebrew_fake_image_26312
hebrew_fake_image_15032
hebrew_fake_image_7942
hebrew_fake_image_28973
hebrew_fake_image_19716
hebrew_fake_image_11818
hebrew_fake_image_21674
hebrew_fake_image_9077
hebrew_fake_image_21044
hebrew_fake_image_25700
hebrew_fake_image_28251
hebrew_fake_image_15299
hebrew_fake_image_16462
hebrew_fake_image_23016
hebrew_fake_image_1456
hebrew_fake_image_916
hebrew_fake_image_22538
hebrew_fake_image_13841
hebrew_fake_image_19826
hebrew_fake_image_9487
hebrew_fake_image_28990
hebrew_fake_image_23118
hebrew_fake_image_1881
hebrew_fake_image_26684
hebrew_fake_image_13211
hebrew_fake_image_15060
hebrew_fake_image_22085
hebrew_fake_image_27084
hebrew_fake_image_28926
hebrew_fake_image_10952
hebrew_fake_image_28207
hebrew_fake_image_5889
hebrew_fake_image_7269
hebrew_fake_image_18946
hebrew_fake_image_29661
hebrew_fake_image_25398
hebrew_fake_image_16836
hebrew_fake_image_27488
hebrew_fake_image_2901
hebrew_fake_image_28613
hebrew_fake_image_12586
hebrew_fake_image_19169
hebrew_fake_image_4144
hebrew_fake_image_3816
hebrew_fake_image_22550
hebrew_fake_image_17648
hebrew_fake_image_5912
hebrew_fake_image_23154
hebrew_fake_image_18804
hebrew_fake_image_15030
hebrew_fake_image_9107
hebrew_fake_image_4247
hebrew_fake_image_22209
hebrew_fake_image_26697
hebrew_fake_image_11321
hebrew_fake_image_14822
hebrew_fake_image_23498
hebrew_fake_image_17042
hebrew_fake_image_21180
hebrew_fake_image_22842
hebrew_fake_image_19641
hebrew_fake_image_23270
hebrew_fake_image_11008
hebrew_fake_image_23441
hebrew_fake_image_216
hebrew_fake_image_7090
hebrew_fake_image_23883
hebrew_fake_image_25150
hebrew_fake_image_21079
hebrew_fake_image_5671
hebrew_fake_image_8375
hebrew_fake_image_19300
hebrew_fake_image_5398
hebrew_fake_image_5955
hebrew_fake_image_24761
hebrew_fake_image_3707
hebrew_fake_image_2051
hebrew_fake_image_7315
hebrew_fake_image_5827
hebrew_fake_image_19607
hebrew_fake_image_23086
hebrew_fake_image_19144
hebrew_fake_image_20194
hebrew_fake_image_10227
hebrew_fake_image_27375
hebrew_fake_image_9361
hebrew_fake_image_11571
hebrew_fake_image_27685
hebrew_fake_image_11644
hebrew_fake_image_24486
hebrew_fake_image_7210
hebrew_fake_image_24525
hebrew_fake_image_4970
hebrew_fake_image_25734
hebrew_fake_image_20531
hebrew_fake_image_20035
hebrew_fake_image_29447
hebrew_fake_image_26047
hebrew_fake_image_15464
hebrew_fake_image_24142
hebrew_fake_image_18010
hebrew_fake_image_29024
hebrew_fake_image_17942
hebrew_fake_image_21528
hebrew_fake_image_24012
hebrew_fake_image_1760
hebrew_fake_image_17616
hebrew_fake_image_9930
hebrew_fake_image_14645
hebrew_fake_image_16673
hebrew_fake_image_15828
hebrew_fake_image_4081
hebrew_fake_image_15036
hebrew_fake_image_11033
hebrew_fake_image_21535
hebrew_fake_image_1666
hebrew_fake_image_8261
hebrew_fake_image_8998
hebrew_fake_image_23221
hebrew_fake_image_24578
hebrew_fake_image_829
hebrew_fake_image_2847
hebrew_fake_image_14829
hebrew_fake_image_19654
hebrew_fake_image_2096
hebrew_fake_image_7009
hebrew_fake_image_8995
hebrew_fake_image_2824
hebrew_fake_image_5812
hebrew_fake_image_442
hebrew_fake_image_25461
hebrew_fake_image_3298
hebrew_fake_image_5838
hebrew_fake_image_19991
hebrew_fake_image_6679
hebrew_fake_image_27712
hebrew_fake_image_20789
hebrew_fake_image_15676
hebrew_fake_image_20937
hebrew_fake_image_19686
hebrew_fake_image_10688
hebrew_fake_image_27397
hebrew_fake_image_22289
hebrew_fake_image_166
hebrew_fake_image_27673
hebrew_fake_image_22411
hebrew_fake_image_15711
hebrew_fake_image_11828
hebrew_fake_image_5146
hebrew_fake_image_20947
hebrew_fake_image_2753
hebrew_fake_image_690
hebrew_fake_image_12988
hebrew_fake_image_6480
hebrew_fake_image_5302
hebrew_fake_image_19438
hebrew_fake_image_3643
hebrew_fake_image_22069
hebrew_fake_image_29208
hebrew_fake_image_13801
hebrew_fake_image_24339
hebrew_fake_image_7743
hebrew_fake_image_28353
hebrew_fake_image_24496
hebrew_fake_image_28555
hebrew_fake_image_21622
hebrew_fake_image_24681
hebrew_fake_image_18236
hebrew_fake_image_392
hebrew_fake_image_14039
hebrew_fake_image_18577
hebrew_fake_image_20540
hebrew_fake_image_29053
hebrew_fake_image_5222
hebrew_fake_image_1834
hebrew_fake_image_29450
hebrew_fake_image_11771
hebrew_fake_image_10602
hebrew_fake_image_21871
hebrew_fake_image_28202
hebrew_fake_image_21126
hebrew_fake_image_5349
hebrew_fake_image_2591
hebrew_fake_image_9896
hebrew_fake_image_10561
hebrew_fake_image_20454
hebrew_fake_image_22300
hebrew_fake_image_9830
hebrew_fake_image_21334
hebrew_fake_image_3844
hebrew_fake_image_29297
hebrew_fake_image_13111
hebrew_fake_image_23110
hebrew_fake_image_7428
hebrew_fake_image_1417
hebrew_fake_image_1145
hebrew_fake_image_4111
hebrew_fake_image_8407
hebrew_fake_image_21984
hebrew_fake_image_21936
hebrew_fake_image_18004
hebrew_fake_image_18006
hebrew_fake_image_24785
hebrew_fake_image_26267