hebrew_fake_image_355
hebrew_fake_image_1836
hebrew_fake_image_0
hebrew_fake_image_1343
hebrew_fake_image_1717
hebrew_fake_image_200
hebrew_fake_image_1684
hebrew_fake_image_1100
hebrew_fake_image_1533
hebrew_fake_image_1407
hebrew_fake_image_1984
hebrew_fake_image_1237
hebrew_fake_image_961
hebrew_fake_image_415
hebrew_fake_image_203
hebrew_fake_image_1940
hebrew_fake_image_459
hebrew_fake_image_1547
hebrew_fake_image_866
hebrew_fake_image_1747
hebrew_fake_image_1158
hebrew_fake_image_467
hebrew_fake_image_277
hebrew_fake_image_1927
hebrew_fake_image_1801
hebrew_fake_image_1388
hebrew_fake_image_637
hebrew_fake_image_337
hebrew_fake_image_1174
hebrew_fake_image_1033
hebrew_fake_image_756
hebrew_fake_image_904
hebrew_fake_image_57
hebrew_fake_image_1660
hebrew_fake_image_1477
hebrew_fake_image_366
hebrew_fake_image_147
hebrew_fake_image_740
hebrew_fake_image_839
hebrew_fake_image_772
hebrew_fake_image_636
hebrew_fake_image_1328
hebrew_fake_image_241
hebrew_fake_image_994
hebrew_fake_image_1639
hebrew_fake_image_876
hebrew_fake_image_1222
hebrew_fake_image_1730
hebrew_fake_image_579
hebrew_fake_image_487
hebrew_fake_image_489
hebrew_fake_image_814
hebrew_fake_image_662
hebrew_fake_image_1652
hebrew_fake_image_22
hebrew_fake_image_1127
hebrew_fake_image_1882
hebrew_fake_image_1729
hebrew_fake_image_54
hebrew_fake_image_1052
hebrew_fake_image_773
hebrew_fake_image_1631
hebrew_fake_image_790
hebrew_fake_image_759
hebrew_fake_image_682
hebrew_fake_image_628
hebrew_fake_image_1171
hebrew_fake_image_1485
hebrew_fake_image_322
hebrew_fake_image_1634
hebrew_fake_image_8
hebrew_fake_image_223
hebrew_fake_image_1240
hebrew_fake_image_1781
hebrew_fake_image_1206
hebrew_fake_image_1741
hebrew_fake_image_1165
hebrew_fake_image_664
hebrew_fake_image_1968
hebrew_fake_image_956
hebrew_fake_image_696
hebrew_fake_image_1970
hebrew_fake_image_1613
hebrew_fake_image_1112
hebrew_fake_image_19
hebrew_fake_image_586
hebrew_fake_image_1975
hebrew_fake_image_1583
hebrew_fake_image_1712
hebrew_fake_image_1426
hebrew_fake_image_1913
hebrew_fake_image_1359
hebrew_fake_image_122
hebrew_fake_image_269
hebrew_fake_image_817
hebrew_fake_image_1899
hebrew_fake_image_548
hebrew_fake_image_1881
hebrew_fake_image_1872
hebrew_fake_image_1978
hebrew_fake_image_801
hebrew_fake_image_1152
hebrew_fake_image_849
hebrew_fake_image_1163
hebrew_fake_image_695
hebrew_fake_image_1170
hebrew_fake_image_758
hebrew_fake_image_1611
hebrew_fake_image_1724
hebrew_fake_image_625
hebrew_fake_image_932
hebrew_fake_image_332
hebrew_fake_image_1515
hebrew_fake_image_1674
hebrew_fake_image_1177
hebrew_fake_image_1545
hebrew_fake_image_447
hebrew_fake_image_1094
hebrew_fake_image_1620
hebrew_fake_image_1337
hebrew_fake_image_986
hebrew_fake_image_709
hebrew_fake_image_413
hebrew_fake_image_1861
hebrew_fake_image_1486
hebrew_fake_image_1778
hebrew_fake_image_1114
hebrew_fake_image_739
hebrew_fake_image_933
hebrew_fake_image_1185
hebrew_fake_image_724
hebrew_fake_image_1525
hebrew_fake_image_1633
hebrew_fake_image_540
hebrew_fake_image_898
hebrew_fake_image_838
hebrew_fake_image_1809
hebrew_fake_image_617
hebrew_fake_image_1195
hebrew_fake_image_186
hebrew_fake_image_474
hebrew_fake_image_844
hebrew_fake_image_1404
hebrew_fake_image_1930
hebrew_fake_image_880
hebrew_fake_image_1443
hebrew_fake_image_310
hebrew_fake_image_547
hebrew_fake_image_855
hebrew_fake_image_1987
hebrew_fake_image_854
hebrew_fake_image_4
hebrew_fake_image_1607
hebrew_fake_image_1319
hebrew_fake_image_1890
hebrew_fake_image_375
hebrew_fake_image_618
hebrew_fake_image_1335
hebrew_fake_image_1219
hebrew_fake_image_959
hebrew_fake_image_769
hebrew_fake_image_204
hebrew_fake_image_1272
hebrew_fake_image_338
hebrew_fake_image_1379
hebrew_fake_image_1101
hebrew_fake_image_455
hebrew_fake_image_968
hebrew_fake_image_947
hebrew_fake_image_605
hebrew_fake_image_1402
hebrew_fake_image_471
hebrew_fake_image_42
hebrew_fake_image_1098
hebrew_fake_image_232
hebrew_fake_image_1933
hebrew_fake_image_1923
hebrew_fake_image_519
hebrew_fake_image_1349
hebrew_fake_image_136
hebrew_fake_image_635
hebrew_fake_image_1628
hebrew_fake_image_626
hebrew_fake_image_1220
hebrew_fake_image_407
hebrew_fake_image_1543
hebrew_fake_image_1066
hebrew_fake_image_226
hebrew_fake_image_1520
hebrew_fake_image_244
hebrew_fake_image_1963
hebrew_fake_image_1298
hebrew_fake_image_995
hebrew_fake_image_1446
hebrew_fake_image_735
hebrew_fake_image_690
hebrew_fake_image_239
hebrew_fake_image_1433
hebrew_fake_image_1512
hebrew_fake_image_544